{
  "specificationPlan": [
    [
      "identity",
      {
        "tag": "SingleProperty",
        "contents": [
          {
            "propertyName": "identity",
            "propertyIndices": []
          },
          {
            "tag": "Query",
            "contents": {
              "queries": {
                "tag": "NonTrivial",
                "contents": {
                  "unDisjunctAll": [
                    [
                      [
                        {
                          "propertyName": "identity",
                          "propertyIndices": []
                        },
                        1
                      ],
                      {
                        "variableReconstruction": [
                          {
                            "tag": "Introduce",
                            "contents": {
                              "tag": "NetworkVar",
                              "contents": {
                                "networkVarIndices": null,
                                "networkVarDimensions": [
                                  5
                                ],
                                "networkName": "decode",
                                "inputOrOutput": "Output",
                                "application": 0
                              }
                            }
                          },
                          {
                            "tag": "Introduce",
                            "contents": {
                              "tag": "NetworkVar",
                              "contents": {
                                "networkVarIndices": null,
                                "networkVarDimensions": [
                                  2
                                ],
                                "networkName": "decode",
                                "inputOrOutput": "Input",
                                "application": 0
                              }
                            }
                          },
                          {
                            "tag": "Introduce",
                            "contents": {
                              "tag": "NetworkVar",
                              "contents": {
                                "networkVarIndices": null,
                                "networkVarDimensions": [
                                  2
                                ],
                                "networkName": "encode",
                                "inputOrOutput": "Output",
                                "application": 0
                              }
                            }
                          },
                          {
                            "tag": "Introduce",
                            "contents": {
                              "tag": "NetworkVar",
                              "contents": {
                                "networkVarIndices": null,
                                "networkVarDimensions": [
                                  5
                                ],
                                "networkName": "encode",
                                "inputOrOutput": "Input",
                                "application": 0
                              }
                            }
                          },
                          {
                            "tag": "EliminateViaGaussian",
                            "contents": [
                              {
                                "tag": "UserVar",
                                "contents": {
                                  "userVarName": "x",
                                  "userVarDimensions": [
                                    5
                                  ],
                                  "unreducedUserVarName": "x"
                                }
                              },
                              {
                                "solutionEquality": {
                                  "dimensions": [
                                    5
                                  ],
                                  "constantValue": [
                                    0,
                                    0,
                                    0,
                                    0,
                                    0
                                  ],
                                  "coefficients": [
                                    [
                                      {
                                        "tag": "NetworkVar",
                                        "contents": {
                                          "networkVarIndices": null,
                                          "networkVarDimensions": [
                                            5
                                          ],
                                          "networkName": "encode",
                                          "inputOrOutput": "Input",
                                          "application": 0
                                        }
                                      },
                                      1
                                    ]
                                  ]
                                }
                              }
                            ]
                          },
                          {
                            "tag": "Reduce",
                            "contents": {
                              "tag": "NetworkVar",
                              "contents": {
                                "networkVarIndices": null,
                                "networkVarDimensions": [
                                  5
                                ],
                                "networkName": "encode",
                                "inputOrOutput": "Input",
                                "application": 0
                              }
                            }
                          },
                          {
                            "tag": "Reduce",
                            "contents": {
                              "tag": "NetworkVar",
                              "contents": {
                                "networkVarIndices": null,
                                "networkVarDimensions": [
                                  2
                                ],
                                "networkName": "encode",
                                "inputOrOutput": "Output",
                                "application": 0
                              }
                            }
                          },
                          {
                            "tag": "Reduce",
                            "contents": {
                              "tag": "NetworkVar",
                              "contents": {
                                "networkVarIndices": null,
                                "networkVarDimensions": [
                                  2
                                ],
                                "networkName": "decode",
                                "inputOrOutput": "Input",
                                "application": 0
                              }
                            }
                          },
                          {
                            "tag": "Reduce",
                            "contents": {
                              "tag": "NetworkVar",
                              "contents": {
                                "networkVarIndices": null,
                                "networkVarDimensions": [
                                  5
                                ],
                                "networkName": "decode",
                                "inputOrOutput": "Output",
                                "application": 0
                              }
                            }
                          }
                        ],
                        "metaNetwork": [
                          {
                            "metaNetworkEntryType": {
                              "outputTensor": {
                                "dimensions": [
                                  5
                                ],
                                "baseType": []
                              },
                              "inputTensor": {
                                "dimensions": [
                                  2
                                ],
                                "baseType": []
                              }
                            },
                            "metaNetworkEntryName": "decode",
                            "metaNetworkEntryFilePath": "fake.onnx"
                          },
                          {
                            "metaNetworkEntryType": {
                              "outputTensor": {
                                "dimensions": [
                                  2
                                ],
                                "baseType": []
                              },
                              "inputTensor": {
                                "dimensions": [
                                  5
                                ],
                                "baseType": []
                              }
                            },
                            "metaNetworkEntryName": "encode",
                            "metaNetworkEntryFilePath": "fake.onnx"
                          }
                        ]
                      }
                    ],
                    [
                      [
                        {
                          "propertyName": "identity",
                          "propertyIndices": []
                        },
                        2
                      ],
                      {
                        "variableReconstruction": [
                          {
                            "tag": "Introduce",
                            "contents": {
                              "tag": "NetworkVar",
                              "contents": {
                                "networkVarIndices": null,
                                "networkVarDimensions": [
                                  5
                                ],
                                "networkName": "decode",
                                "inputOrOutput": "Output",
                                "application": 0
                              }
                            }
                          },
                          {
                            "tag": "Introduce",
                            "contents": {
                              "tag": "NetworkVar",
                              "contents": {
                                "networkVarIndices": null,
                                "networkVarDimensions": [
                                  2
                                ],
                                "networkName": "decode",
                                "inputOrOutput": "Input",
                                "application": 0
                              }
                            }
                          },
                          {
                            "tag": "Introduce",
                            "contents": {
                              "tag": "NetworkVar",
                              "contents": {
                                "networkVarIndices": null,
                                "networkVarDimensions": [
                                  2
                                ],
                                "networkName": "encode",
                                "inputOrOutput": "Output",
                                "application": 0
                              }
                            }
                          },
                          {
                            "tag": "Introduce",
                            "contents": {
                              "tag": "NetworkVar",
                              "contents": {
                                "networkVarIndices": null,
                                "networkVarDimensions": [
                                  5
                                ],
                                "networkName": "encode",
                                "inputOrOutput": "Input",
                                "application": 0
                              }
                            }
                          },
                          {
                            "tag": "EliminateViaGaussian",
                            "contents": [
                              {
                                "tag": "UserVar",
                                "contents": {
                                  "userVarName": "x",
                                  "userVarDimensions": [
                                    5
                                  ],
                                  "unreducedUserVarName": "x"
                                }
                              },
                              {
                                "solutionEquality": {
                                  "dimensions": [
                                    5
                                  ],
                                  "constantValue": [
                                    0,
                                    0,
                                    0,
                                    0,
                                    0
                                  ],
                                  "coefficients": [
                                    [
                                      {
                                        "tag": "NetworkVar",
                                        "contents": {
                                          "networkVarIndices": null,
                                          "networkVarDimensions": [
                                            5
                                          ],
                                          "networkName": "encode",
                                          "inputOrOutput": "Input",
                                          "application": 0
                                        }
                                      },
                                      1
                                    ]
                                  ]
                                }
                              }
                            ]
                          },
                          {
                            "tag": "Reduce",
                            "contents": {
                              "tag": "NetworkVar",
                              "contents": {
                                "networkVarIndices": null,
                                "networkVarDimensions": [
                                  5
                                ],
                                "networkName": "encode",
                                "inputOrOutput": "Input",
                                "application": 0
                              }
                            }
                          },
                          {
                            "tag": "Reduce",
                            "contents": {
                              "tag": "NetworkVar",
                              "contents": {
                                "networkVarIndices": null,
                                "networkVarDimensions": [
                                  2
                                ],
                                "networkName": "encode",
                                "inputOrOutput": "Output",
                                "application": 0
                              }
                            }
                          },
                          {
                            "tag": "Reduce",
                            "contents": {
                              "tag": "NetworkVar",
                              "contents": {
                                "networkVarIndices": null,
                                "networkVarDimensions": [
                                  2
                                ],
                                "networkName": "decode",
                                "inputOrOutput": "Input",
                                "application": 0
                              }
                            }
                          },
                          {
                            "tag": "Reduce",
                            "contents": {
                              "tag": "NetworkVar",
                              "contents": {
                                "networkVarIndices": null,
                                "networkVarDimensions": [
                                  5
                                ],
                                "networkName": "decode",
                                "inputOrOutput": "Output",
                                "application": 0
                              }
                            }
                          }
                        ],
                        "metaNetwork": [
                          {
                            "metaNetworkEntryType": {
                              "outputTensor": {
                                "dimensions": [
                                  5
                                ],
                                "baseType": []
                              },
                              "inputTensor": {
                                "dimensions": [
                                  2
                                ],
                                "baseType": []
                              }
                            },
                            "metaNetworkEntryName": "decode",
                            "metaNetworkEntryFilePath": "fake.onnx"
                          },
                          {
                            "metaNetworkEntryType": {
                              "outputTensor": {
                                "dimensions": [
                                  2
                                ],
                                "baseType": []
                              },
                              "inputTensor": {
                                "dimensions": [
                                  5
                                ],
                                "baseType": []
                              }
                            },
                            "metaNetworkEntryName": "encode",
                            "metaNetworkEntryFilePath": "fake.onnx"
                          }
                        ]
                      }
                    ],
                    [
                      [
                        {
                          "propertyName": "identity",
                          "propertyIndices": []
                        },
                        3
                      ],
                      {
                        "variableReconstruction": [
                          {
                            "tag": "Introduce",
                            "contents": {
                              "tag": "NetworkVar",
                              "contents": {
                                "networkVarIndices": null,
                                "networkVarDimensions": [
                                  5
                                ],
                                "networkName": "decode",
                                "inputOrOutput": "Output",
                                "application": 0
                              }
                            }
                          },
                          {
                            "tag": "Introduce",
                            "contents": {
                              "tag": "NetworkVar",
                              "contents": {
                                "networkVarIndices": null,
                                "networkVarDimensions": [
                                  2
                                ],
                                "networkName": "decode",
                                "inputOrOutput": "Input",
                                "application": 0
                              }
                            }
                          },
                          {
                            "tag": "Introduce",
                            "contents": {
                              "tag": "NetworkVar",
                              "contents": {
                                "networkVarIndices": null,
                                "networkVarDimensions": [
                                  2
                                ],
                                "networkName": "encode",
                                "inputOrOutput": "Output",
                                "application": 0
                              }
                            }
                          },
                          {
                            "tag": "Introduce",
                            "contents": {
                              "tag": "NetworkVar",
                              "contents": {
                                "networkVarIndices": null,
                                "networkVarDimensions": [
                                  5
                                ],
                                "networkName": "encode",
                                "inputOrOutput": "Input",
                                "application": 0
                              }
                            }
                          },
                          {
                            "tag": "EliminateViaGaussian",
                            "contents": [
                              {
                                "tag": "UserVar",
                                "contents": {
                                  "userVarName": "x",
                                  "userVarDimensions": [
                                    5
                                  ],
                                  "unreducedUserVarName": "x"
                                }
                              },
                              {
                                "solutionEquality": {
                                  "dimensions": [
                                    5
                                  ],
                                  "constantValue": [
                                    0,
                                    0,
                                    0,
                                    0,
                                    0
                                  ],
                                  "coefficients": [
                                    [
                                      {
                                        "tag": "NetworkVar",
                                        "contents": {
                                          "networkVarIndices": null,
                                          "networkVarDimensions": [
                                            5
                                          ],
                                          "networkName": "encode",
                                          "inputOrOutput": "Input",
                                          "application": 0
                                        }
                                      },
                                      1
                                    ]
                                  ]
                                }
                              }
                            ]
                          },
                          {
                            "tag": "Reduce",
                            "contents": {
                              "tag": "NetworkVar",
                              "contents": {
                                "networkVarIndices": null,
                                "networkVarDimensions": [
                                  5
                                ],
                                "networkName": "encode",
                                "inputOrOutput": "Input",
                                "application": 0
                              }
                            }
                          },
                          {
                            "tag": "Reduce",
                            "contents": {
                              "tag": "NetworkVar",
                              "contents": {
                                "networkVarIndices": null,
                                "networkVarDimensions": [
                                  2
                                ],
                                "networkName": "encode",
                                "inputOrOutput": "Output",
                                "application": 0
                              }
                            }
                          },
                          {
                            "tag": "Reduce",
                            "contents": {
                              "tag": "NetworkVar",
                              "contents": {
                                "networkVarIndices": null,
                                "networkVarDimensions": [
                                  2
                                ],
                                "networkName": "decode",
                                "inputOrOutput": "Input",
                                "application": 0
                              }
                            }
                          },
                          {
                            "tag": "Reduce",
                            "contents": {
                              "tag": "NetworkVar",
                              "contents": {
                                "networkVarIndices": null,
                                "networkVarDimensions": [
                                  5
                                ],
                                "networkName": "decode",
                                "inputOrOutput": "Output",
                                "application": 0
                              }
                            }
                          }
                        ],
                        "metaNetwork": [
                          {
                            "metaNetworkEntryType": {
                              "outputTensor": {
                                "dimensions": [
                                  5
                                ],
                                "baseType": []
                              },
                              "inputTensor": {
                                "dimensions": [
                                  2
                                ],
                                "baseType": []
                              }
                            },
                            "metaNetworkEntryName": "decode",
                            "metaNetworkEntryFilePath": "fake.onnx"
                          },
                          {
                            "metaNetworkEntryType": {
                              "outputTensor": {
                                "dimensions": [
                                  2
                                ],
                                "baseType": []
                              },
                              "inputTensor": {
                                "dimensions": [
                                  5
                                ],
                                "baseType": []
                              }
                            },
                            "metaNetworkEntryName": "encode",
                            "metaNetworkEntryFilePath": "fake.onnx"
                          }
                        ]
                      }
                    ],
                    [
                      [
                        {
                          "propertyName": "identity",
                          "propertyIndices": []
                        },
                        4
                      ],
                      {
                        "variableReconstruction": [
                          {
                            "tag": "Introduce",
                            "contents": {
                              "tag": "NetworkVar",
                              "contents": {
                                "networkVarIndices": null,
                                "networkVarDimensions": [
                                  5
                                ],
                                "networkName": "decode",
                                "inputOrOutput": "Output",
                                "application": 0
                              }
                            }
                          },
                          {
                            "tag": "Introduce",
                            "contents": {
                              "tag": "NetworkVar",
                              "contents": {
                                "networkVarIndices": null,
                                "networkVarDimensions": [
                                  2
                                ],
                                "networkName": "decode",
                                "inputOrOutput": "Input",
                                "application": 0
                              }
                            }
                          },
                          {
                            "tag": "Introduce",
                            "contents": {
                              "tag": "NetworkVar",
                              "contents": {
                                "networkVarIndices": null,
                                "networkVarDimensions": [
                                  2
                                ],
                                "networkName": "encode",
                                "inputOrOutput": "Output",
                                "application": 0
                              }
                            }
                          },
                          {
                            "tag": "Introduce",
                            "contents": {
                              "tag": "NetworkVar",
                              "contents": {
                                "networkVarIndices": null,
                                "networkVarDimensions": [
                                  5
                                ],
                                "networkName": "encode",
                                "inputOrOutput": "Input",
                                "application": 0
                              }
                            }
                          },
                          {
                            "tag": "EliminateViaGaussian",
                            "contents": [
                              {
                                "tag": "UserVar",
                                "contents": {
                                  "userVarName": "x",
                                  "userVarDimensions": [
                                    5
                                  ],
                                  "unreducedUserVarName": "x"
                                }
                              },
                              {
                                "solutionEquality": {
                                  "dimensions": [
                                    5
                                  ],
                                  "constantValue": [
                                    0,
                                    0,
                                    0,
                                    0,
                                    0
                                  ],
                                  "coefficients": [
                                    [
                                      {
                                        "tag": "NetworkVar",
                                        "contents": {
                                          "networkVarIndices": null,
                                          "networkVarDimensions": [
                                            5
                                          ],
                                          "networkName": "encode",
                                          "inputOrOutput": "Input",
                                          "application": 0
                                        }
                                      },
                                      1
                                    ]
                                  ]
                                }
                              }
                            ]
                          },
                          {
                            "tag": "Reduce",
                            "contents": {
                              "tag": "NetworkVar",
                              "contents": {
                                "networkVarIndices": null,
                                "networkVarDimensions": [
                                  5
                                ],
                                "networkName": "encode",
                                "inputOrOutput": "Input",
                                "application": 0
                              }
                            }
                          },
                          {
                            "tag": "Reduce",
                            "contents": {
                              "tag": "NetworkVar",
                              "contents": {
                                "networkVarIndices": null,
                                "networkVarDimensions": [
                                  2
                                ],
                                "networkName": "encode",
                                "inputOrOutput": "Output",
                                "application": 0
                              }
                            }
                          },
                          {
                            "tag": "Reduce",
                            "contents": {
                              "tag": "NetworkVar",
                              "contents": {
                                "networkVarIndices": null,
                                "networkVarDimensions": [
                                  2
                                ],
                                "networkName": "decode",
                                "inputOrOutput": "Input",
                                "application": 0
                              }
                            }
                          },
                          {
                            "tag": "Reduce",
                            "contents": {
                              "tag": "NetworkVar",
                              "contents": {
                                "networkVarIndices": null,
                                "networkVarDimensions": [
                                  5
                                ],
                                "networkName": "decode",
                                "inputOrOutput": "Output",
                                "application": 0
                              }
                            }
                          }
                        ],
                        "metaNetwork": [
                          {
                            "metaNetworkEntryType": {
                              "outputTensor": {
                                "dimensions": [
                                  5
                                ],
                                "baseType": []
                              },
                              "inputTensor": {
                                "dimensions": [
                                  2
                                ],
                                "baseType": []
                              }
                            },
                            "metaNetworkEntryName": "decode",
                            "metaNetworkEntryFilePath": "fake.onnx"
                          },
                          {
                            "metaNetworkEntryType": {
                              "outputTensor": {
                                "dimensions": [
                                  2
                                ],
                                "baseType": []
                              },
                              "inputTensor": {
                                "dimensions": [
                                  5
                                ],
                                "baseType": []
                              }
                            },
                            "metaNetworkEntryName": "encode",
                            "metaNetworkEntryFilePath": "fake.onnx"
                          }
                        ]
                      }
                    ],
                    [
                      [
                        {
                          "propertyName": "identity",
                          "propertyIndices": []
                        },
                        5
                      ],
                      {
                        "variableReconstruction": [
                          {
                            "tag": "Introduce",
                            "contents": {
                              "tag": "NetworkVar",
                              "contents": {
                                "networkVarIndices": null,
                                "networkVarDimensions": [
                                  5
                                ],
                                "networkName": "decode",
                                "inputOrOutput": "Output",
                                "application": 0
                              }
                            }
                          },
                          {
                            "tag": "Introduce",
                            "contents": {
                              "tag": "NetworkVar",
                              "contents": {
                                "networkVarIndices": null,
                                "networkVarDimensions": [
                                  2
                                ],
                                "networkName": "decode",
                                "inputOrOutput": "Input",
                                "application": 0
                              }
                            }
                          },
                          {
                            "tag": "Introduce",
                            "contents": {
                              "tag": "NetworkVar",
                              "contents": {
                                "networkVarIndices": null,
                                "networkVarDimensions": [
                                  2
                                ],
                                "networkName": "encode",
                                "inputOrOutput": "Output",
                                "application": 0
                              }
                            }
                          },
                          {
                            "tag": "Introduce",
                            "contents": {
                              "tag": "NetworkVar",
                              "contents": {
                                "networkVarIndices": null,
                                "networkVarDimensions": [
                                  5
                                ],
                                "networkName": "encode",
                                "inputOrOutput": "Input",
                                "application": 0
                              }
                            }
                          },
                          {
                            "tag": "EliminateViaGaussian",
                            "contents": [
                              {
                                "tag": "UserVar",
                                "contents": {
                                  "userVarName": "x",
                                  "userVarDimensions": [
                                    5
                                  ],
                                  "unreducedUserVarName": "x"
                                }
                              },
                              {
                                "solutionEquality": {
                                  "dimensions": [
                                    5
                                  ],
                                  "constantValue": [
                                    0,
                                    0,
                                    0,
                                    0,
                                    0
                                  ],
                                  "coefficients": [
                                    [
                                      {
                                        "tag": "NetworkVar",
                                        "contents": {
                                          "networkVarIndices": null,
                                          "networkVarDimensions": [
                                            5
                                          ],
                                          "networkName": "encode",
                                          "inputOrOutput": "Input",
                                          "application": 0
                                        }
                                      },
                                      1
                                    ]
                                  ]
                                }
                              }
                            ]
                          },
                          {
                            "tag": "Reduce",
                            "contents": {
                              "tag": "NetworkVar",
                              "contents": {
                                "networkVarIndices": null,
                                "networkVarDimensions": [
                                  5
                                ],
                                "networkName": "encode",
                                "inputOrOutput": "Input",
                                "application": 0
                              }
                            }
                          },
                          {
                            "tag": "Reduce",
                            "contents": {
                              "tag": "NetworkVar",
                              "contents": {
                                "networkVarIndices": null,
                                "networkVarDimensions": [
                                  2
                                ],
                                "networkName": "encode",
                                "inputOrOutput": "Output",
                                "application": 0
                              }
                            }
                          },
                          {
                            "tag": "Reduce",
                            "contents": {
                              "tag": "NetworkVar",
                              "contents": {
                                "networkVarIndices": null,
                                "networkVarDimensions": [
                                  2
                                ],
                                "networkName": "decode",
                                "inputOrOutput": "Input",
                                "application": 0
                              }
                            }
                          },
                          {
                            "tag": "Reduce",
                            "contents": {
                              "tag": "NetworkVar",
                              "contents": {
                                "networkVarIndices": null,
                                "networkVarDimensions": [
                                  5
                                ],
                                "networkName": "decode",
                                "inputOrOutput": "Output",
                                "application": 0
                              }
                            }
                          }
                        ],
                        "metaNetwork": [
                          {
                            "metaNetworkEntryType": {
                              "outputTensor": {
                                "dimensions": [
                                  5
                                ],
                                "baseType": []
                              },
                              "inputTensor": {
                                "dimensions": [
                                  2
                                ],
                                "baseType": []
                              }
                            },
                            "metaNetworkEntryName": "decode",
                            "metaNetworkEntryFilePath": "fake.onnx"
                          },
                          {
                            "metaNetworkEntryType": {
                              "outputTensor": {
                                "dimensions": [
                                  2
                                ],
                                "baseType": []
                              },
                              "inputTensor": {
                                "dimensions": [
                                  5
                                ],
                                "baseType": []
                              }
                            },
                            "metaNetworkEntryName": "encode",
                            "metaNetworkEntryFilePath": "fake.onnx"
                          }
                        ]
                      }
                    ],
                    [
                      [
                        {
                          "propertyName": "identity",
                          "propertyIndices": []
                        },
                        6
                      ],
                      {
                        "variableReconstruction": [
                          {
                            "tag": "Introduce",
                            "contents": {
                              "tag": "NetworkVar",
                              "contents": {
                                "networkVarIndices": null,
                                "networkVarDimensions": [
                                  5
                                ],
                                "networkName": "decode",
                                "inputOrOutput": "Output",
                                "application": 0
                              }
                            }
                          },
                          {
                            "tag": "Introduce",
                            "contents": {
                              "tag": "NetworkVar",
                              "contents": {
                                "networkVarIndices": null,
                                "networkVarDimensions": [
                                  2
                                ],
                                "networkName": "decode",
                                "inputOrOutput": "Input",
                                "application": 0
                              }
                            }
                          },
                          {
                            "tag": "Introduce",
                            "contents": {
                              "tag": "NetworkVar",
                              "contents": {
                                "networkVarIndices": null,
                                "networkVarDimensions": [
                                  2
                                ],
                                "networkName": "encode",
                                "inputOrOutput": "Output",
                                "application": 0
                              }
                            }
                          },
                          {
                            "tag": "Introduce",
                            "contents": {
                              "tag": "NetworkVar",
                              "contents": {
                                "networkVarIndices": null,
                                "networkVarDimensions": [
                                  5
                                ],
                                "networkName": "encode",
                                "inputOrOutput": "Input",
                                "application": 0
                              }
                            }
                          },
                          {
                            "tag": "EliminateViaGaussian",
                            "contents": [
                              {
                                "tag": "UserVar",
                                "contents": {
                                  "userVarName": "x",
                                  "userVarDimensions": [
                                    5
                                  ],
                                  "unreducedUserVarName": "x"
                                }
                              },
                              {
                                "solutionEquality": {
                                  "dimensions": [
                                    5
                                  ],
                                  "constantValue": [
                                    0,
                                    0,
                                    0,
                                    0,
                                    0
                                  ],
                                  "coefficients": [
                                    [
                                      {
                                        "tag": "NetworkVar",
                                        "contents": {
                                          "networkVarIndices": null,
                                          "networkVarDimensions": [
                                            5
                                          ],
                                          "networkName": "encode",
                                          "inputOrOutput": "Input",
                                          "application": 0
                                        }
                                      },
                                      1
                                    ]
                                  ]
                                }
                              }
                            ]
                          },
                          {
                            "tag": "Reduce",
                            "contents": {
                              "tag": "NetworkVar",
                              "contents": {
                                "networkVarIndices": null,
                                "networkVarDimensions": [
                                  5
                                ],
                                "networkName": "encode",
                                "inputOrOutput": "Input",
                                "application": 0
                              }
                            }
                          },
                          {
                            "tag": "Reduce",
                            "contents": {
                              "tag": "NetworkVar",
                              "contents": {
                                "networkVarIndices": null,
                                "networkVarDimensions": [
                                  2
                                ],
                                "networkName": "encode",
                                "inputOrOutput": "Output",
                                "application": 0
                              }
                            }
                          },
                          {
                            "tag": "Reduce",
                            "contents": {
                              "tag": "NetworkVar",
                              "contents": {
                                "networkVarIndices": null,
                                "networkVarDimensions": [
                                  2
                                ],
                                "networkName": "decode",
                                "inputOrOutput": "Input",
                                "application": 0
                              }
                            }
                          },
                          {
                            "tag": "Reduce",
                            "contents": {
                              "tag": "NetworkVar",
                              "contents": {
                                "networkVarIndices": null,
                                "networkVarDimensions": [
                                  5
                                ],
                                "networkName": "decode",
                                "inputOrOutput": "Output",
                                "application": 0
                              }
                            }
                          }
                        ],
                        "metaNetwork": [
                          {
                            "metaNetworkEntryType": {
                              "outputTensor": {
                                "dimensions": [
                                  5
                                ],
                                "baseType": []
                              },
                              "inputTensor": {
                                "dimensions": [
                                  2
                                ],
                                "baseType": []
                              }
                            },
                            "metaNetworkEntryName": "decode",
                            "metaNetworkEntryFilePath": "fake.onnx"
                          },
                          {
                            "metaNetworkEntryType": {
                              "outputTensor": {
                                "dimensions": [
                                  2
                                ],
                                "baseType": []
                              },
                              "inputTensor": {
                                "dimensions": [
                                  5
                                ],
                                "baseType": []
                              }
                            },
                            "metaNetworkEntryName": "encode",
                            "metaNetworkEntryFilePath": "fake.onnx"
                          }
                        ]
                      }
                    ],
                    [
                      [
                        {
                          "propertyName": "identity",
                          "propertyIndices": []
                        },
                        7
                      ],
                      {
                        "variableReconstruction": [
                          {
                            "tag": "Introduce",
                            "contents": {
                              "tag": "NetworkVar",
                              "contents": {
                                "networkVarIndices": null,
                                "networkVarDimensions": [
                                  5
                                ],
                                "networkName": "decode",
                                "inputOrOutput": "Output",
                                "application": 0
                              }
                            }
                          },
                          {
                            "tag": "Introduce",
                            "contents": {
                              "tag": "NetworkVar",
                              "contents": {
                                "networkVarIndices": null,
                                "networkVarDimensions": [
                                  2
                                ],
                                "networkName": "decode",
                                "inputOrOutput": "Input",
                                "application": 0
                              }
                            }
                          },
                          {
                            "tag": "Introduce",
                            "contents": {
                              "tag": "NetworkVar",
                              "contents": {
                                "networkVarIndices": null,
                                "networkVarDimensions": [
                                  2
                                ],
                                "networkName": "encode",
                                "inputOrOutput": "Output",
                                "application": 0
                              }
                            }
                          },
                          {
                            "tag": "Introduce",
                            "contents": {
                              "tag": "NetworkVar",
                              "contents": {
                                "networkVarIndices": null,
                                "networkVarDimensions": [
                                  5
                                ],
                                "networkName": "encode",
                                "inputOrOutput": "Input",
                                "application": 0
                              }
                            }
                          },
                          {
                            "tag": "EliminateViaGaussian",
                            "contents": [
                              {
                                "tag": "UserVar",
                                "contents": {
                                  "userVarName": "x",
                                  "userVarDimensions": [
                                    5
                                  ],
                                  "unreducedUserVarName": "x"
                                }
                              },
                              {
                                "solutionEquality": {
                                  "dimensions": [
                                    5
                                  ],
                                  "constantValue": [
                                    0,
                                    0,
                                    0,
                                    0,
                                    0
                                  ],
                                  "coefficients": [
                                    [
                                      {
                                        "tag": "NetworkVar",
                                        "contents": {
                                          "networkVarIndices": null,
                                          "networkVarDimensions": [
                                            5
                                          ],
                                          "networkName": "encode",
                                          "inputOrOutput": "Input",
                                          "application": 0
                                        }
                                      },
                                      1
                                    ]
                                  ]
                                }
                              }
                            ]
                          },
                          {
                            "tag": "Reduce",
                            "contents": {
                              "tag": "NetworkVar",
                              "contents": {
                                "networkVarIndices": null,
                                "networkVarDimensions": [
                                  5
                                ],
                                "networkName": "encode",
                                "inputOrOutput": "Input",
                                "application": 0
                              }
                            }
                          },
                          {
                            "tag": "Reduce",
                            "contents": {
                              "tag": "NetworkVar",
                              "contents": {
                                "networkVarIndices": null,
                                "networkVarDimensions": [
                                  2
                                ],
                                "networkName": "encode",
                                "inputOrOutput": "Output",
                                "application": 0
                              }
                            }
                          },
                          {
                            "tag": "Reduce",
                            "contents": {
                              "tag": "NetworkVar",
                              "contents": {
                                "networkVarIndices": null,
                                "networkVarDimensions": [
                                  2
                                ],
                                "networkName": "decode",
                                "inputOrOutput": "Input",
                                "application": 0
                              }
                            }
                          },
                          {
                            "tag": "Reduce",
                            "contents": {
                              "tag": "NetworkVar",
                              "contents": {
                                "networkVarIndices": null,
                                "networkVarDimensions": [
                                  5
                                ],
                                "networkName": "decode",
                                "inputOrOutput": "Output",
                                "application": 0
                              }
                            }
                          }
                        ],
                        "metaNetwork": [
                          {
                            "metaNetworkEntryType": {
                              "outputTensor": {
                                "dimensions": [
                                  5
                                ],
                                "baseType": []
                              },
                              "inputTensor": {
                                "dimensions": [
                                  2
                                ],
                                "baseType": []
                              }
                            },
                            "metaNetworkEntryName": "decode",
                            "metaNetworkEntryFilePath": "fake.onnx"
                          },
                          {
                            "metaNetworkEntryType": {
                              "outputTensor": {
                                "dimensions": [
                                  2
                                ],
                                "baseType": []
                              },
                              "inputTensor": {
                                "dimensions": [
                                  5
                                ],
                                "baseType": []
                              }
                            },
                            "metaNetworkEntryName": "encode",
                            "metaNetworkEntryFilePath": "fake.onnx"
                          }
                        ]
                      }
                    ],
                    [
                      [
                        {
                          "propertyName": "identity",
                          "propertyIndices": []
                        },
                        8
                      ],
                      {
                        "variableReconstruction": [
                          {
                            "tag": "Introduce",
                            "contents": {
                              "tag": "NetworkVar",
                              "contents": {
                                "networkVarIndices": null,
                                "networkVarDimensions": [
                                  5
                                ],
                                "networkName": "decode",
                                "inputOrOutput": "Output",
                                "application": 0
                              }
                            }
                          },
                          {
                            "tag": "Introduce",
                            "contents": {
                              "tag": "NetworkVar",
                              "contents": {
                                "networkVarIndices": null,
                                "networkVarDimensions": [
                                  2
                                ],
                                "networkName": "decode",
                                "inputOrOutput": "Input",
                                "application": 0
                              }
                            }
                          },
                          {
                            "tag": "Introduce",
                            "contents": {
                              "tag": "NetworkVar",
                              "contents": {
                                "networkVarIndices": null,
                                "networkVarDimensions": [
                                  2
                                ],
                                "networkName": "encode",
                                "inputOrOutput": "Output",
                                "application": 0
                              }
                            }
                          },
                          {
                            "tag": "Introduce",
                            "contents": {
                              "tag": "NetworkVar",
                              "contents": {
                                "networkVarIndices": null,
                                "networkVarDimensions": [
                                  5
                                ],
                                "networkName": "encode",
                                "inputOrOutput": "Input",
                                "application": 0
                              }
                            }
                          },
                          {
                            "tag": "EliminateViaGaussian",
                            "contents": [
                              {
                                "tag": "UserVar",
                                "contents": {
                                  "userVarName": "x",
                                  "userVarDimensions": [
                                    5
                                  ],
                                  "unreducedUserVarName": "x"
                                }
                              },
                              {
                                "solutionEquality": {
                                  "dimensions": [
                                    5
                                  ],
                                  "constantValue": [
                                    0,
                                    0,
                                    0,
                                    0,
                                    0
                                  ],
                                  "coefficients": [
                                    [
                                      {
                                        "tag": "NetworkVar",
                                        "contents": {
                                          "networkVarIndices": null,
                                          "networkVarDimensions": [
                                            5
                                          ],
                                          "networkName": "encode",
                                          "inputOrOutput": "Input",
                                          "application": 0
                                        }
                                      },
                                      1
                                    ]
                                  ]
                                }
                              }
                            ]
                          },
                          {
                            "tag": "Reduce",
                            "contents": {
                              "tag": "NetworkVar",
                              "contents": {
                                "networkVarIndices": null,
                                "networkVarDimensions": [
                                  5
                                ],
                                "networkName": "encode",
                                "inputOrOutput": "Input",
                                "application": 0
                              }
                            }
                          },
                          {
                            "tag": "Reduce",
                            "contents": {
                              "tag": "NetworkVar",
                              "contents": {
                                "networkVarIndices": null,
                                "networkVarDimensions": [
                                  2
                                ],
                                "networkName": "encode",
                                "inputOrOutput": "Output",
                                "application": 0
                              }
                            }
                          },
                          {
                            "tag": "Reduce",
                            "contents": {
                              "tag": "NetworkVar",
                              "contents": {
                                "networkVarIndices": null,
                                "networkVarDimensions": [
                                  2
                                ],
                                "networkName": "decode",
                                "inputOrOutput": "Input",
                                "application": 0
                              }
                            }
                          },
                          {
                            "tag": "Reduce",
                            "contents": {
                              "tag": "NetworkVar",
                              "contents": {
                                "networkVarIndices": null,
                                "networkVarDimensions": [
                                  5
                                ],
                                "networkName": "decode",
                                "inputOrOutput": "Output",
                                "application": 0
                              }
                            }
                          }
                        ],
                        "metaNetwork": [
                          {
                            "metaNetworkEntryType": {
                              "outputTensor": {
                                "dimensions": [
                                  5
                                ],
                                "baseType": []
                              },
                              "inputTensor": {
                                "dimensions": [
                                  2
                                ],
                                "baseType": []
                              }
                            },
                            "metaNetworkEntryName": "decode",
                            "metaNetworkEntryFilePath": "fake.onnx"
                          },
                          {
                            "metaNetworkEntryType": {
                              "outputTensor": {
                                "dimensions": [
                                  2
                                ],
                                "baseType": []
                              },
                              "inputTensor": {
                                "dimensions": [
                                  5
                                ],
                                "baseType": []
                              }
                            },
                            "metaNetworkEntryName": "encode",
                            "metaNetworkEntryFilePath": "fake.onnx"
                          }
                        ]
                      }
                    ],
                    [
                      [
                        {
                          "propertyName": "identity",
                          "propertyIndices": []
                        },
                        9
                      ],
                      {
                        "variableReconstruction": [
                          {
                            "tag": "Introduce",
                            "contents": {
                              "tag": "NetworkVar",
                              "contents": {
                                "networkVarIndices": null,
                                "networkVarDimensions": [
                                  5
                                ],
                                "networkName": "decode",
                                "inputOrOutput": "Output",
                                "application": 0
                              }
                            }
                          },
                          {
                            "tag": "Introduce",
                            "contents": {
                              "tag": "NetworkVar",
                              "contents": {
                                "networkVarIndices": null,
                                "networkVarDimensions": [
                                  2
                                ],
                                "networkName": "decode",
                                "inputOrOutput": "Input",
                                "application": 0
                              }
                            }
                          },
                          {
                            "tag": "Introduce",
                            "contents": {
                              "tag": "NetworkVar",
                              "contents": {
                                "networkVarIndices": null,
                                "networkVarDimensions": [
                                  2
                                ],
                                "networkName": "encode",
                                "inputOrOutput": "Output",
                                "application": 0
                              }
                            }
                          },
                          {
                            "tag": "Introduce",
                            "contents": {
                              "tag": "NetworkVar",
                              "contents": {
                                "networkVarIndices": null,
                                "networkVarDimensions": [
                                  5
                                ],
                                "networkName": "encode",
                                "inputOrOutput": "Input",
                                "application": 0
                              }
                            }
                          },
                          {
                            "tag": "EliminateViaGaussian",
                            "contents": [
                              {
                                "tag": "UserVar",
                                "contents": {
                                  "userVarName": "x",
                                  "userVarDimensions": [
                                    5
                                  ],
                                  "unreducedUserVarName": "x"
                                }
                              },
                              {
                                "solutionEquality": {
                                  "dimensions": [
                                    5
                                  ],
                                  "constantValue": [
                                    0,
                                    0,
                                    0,
                                    0,
                                    0
                                  ],
                                  "coefficients": [
                                    [
                                      {
                                        "tag": "NetworkVar",
                                        "contents": {
                                          "networkVarIndices": null,
                                          "networkVarDimensions": [
                                            5
                                          ],
                                          "networkName": "encode",
                                          "inputOrOutput": "Input",
                                          "application": 0
                                        }
                                      },
                                      1
                                    ]
                                  ]
                                }
                              }
                            ]
                          },
                          {
                            "tag": "Reduce",
                            "contents": {
                              "tag": "NetworkVar",
                              "contents": {
                                "networkVarIndices": null,
                                "networkVarDimensions": [
                                  5
                                ],
                                "networkName": "encode",
                                "inputOrOutput": "Input",
                                "application": 0
                              }
                            }
                          },
                          {
                            "tag": "Reduce",
                            "contents": {
                              "tag": "NetworkVar",
                              "contents": {
                                "networkVarIndices": null,
                                "networkVarDimensions": [
                                  2
                                ],
                                "networkName": "encode",
                                "inputOrOutput": "Output",
                                "application": 0
                              }
                            }
                          },
                          {
                            "tag": "Reduce",
                            "contents": {
                              "tag": "NetworkVar",
                              "contents": {
                                "networkVarIndices": null,
                                "networkVarDimensions": [
                                  2
                                ],
                                "networkName": "decode",
                                "inputOrOutput": "Input",
                                "application": 0
                              }
                            }
                          },
                          {
                            "tag": "Reduce",
                            "contents": {
                              "tag": "NetworkVar",
                              "contents": {
                                "networkVarIndices": null,
                                "networkVarDimensions": [
                                  5
                                ],
                                "networkName": "decode",
                                "inputOrOutput": "Output",
                                "application": 0
                              }
                            }
                          }
                        ],
                        "metaNetwork": [
                          {
                            "metaNetworkEntryType": {
                              "outputTensor": {
                                "dimensions": [
                                  5
                                ],
                                "baseType": []
                              },
                              "inputTensor": {
                                "dimensions": [
                                  2
                                ],
                                "baseType": []
                              }
                            },
                            "metaNetworkEntryName": "decode",
                            "metaNetworkEntryFilePath": "fake.onnx"
                          },
                          {
                            "metaNetworkEntryType": {
                              "outputTensor": {
                                "dimensions": [
                                  2
                                ],
                                "baseType": []
                              },
                              "inputTensor": {
                                "dimensions": [
                                  5
                                ],
                                "baseType": []
                              }
                            },
                            "metaNetworkEntryName": "encode",
                            "metaNetworkEntryFilePath": "fake.onnx"
                          }
                        ]
                      }
                    ],
                    [
                      [
                        {
                          "propertyName": "identity",
                          "propertyIndices": []
                        },
                        10
                      ],
                      {
                        "variableReconstruction": [
                          {
                            "tag": "Introduce",
                            "contents": {
                              "tag": "NetworkVar",
                              "contents": {
                                "networkVarIndices": null,
                                "networkVarDimensions": [
                                  5
                                ],
                                "networkName": "decode",
                                "inputOrOutput": "Output",
                                "application": 0
                              }
                            }
                          },
                          {
                            "tag": "Introduce",
                            "contents": {
                              "tag": "NetworkVar",
                              "contents": {
                                "networkVarIndices": null,
                                "networkVarDimensions": [
                                  2
                                ],
                                "networkName": "decode",
                                "inputOrOutput": "Input",
                                "application": 0
                              }
                            }
                          },
                          {
                            "tag": "Introduce",
                            "contents": {
                              "tag": "NetworkVar",
                              "contents": {
                                "networkVarIndices": null,
                                "networkVarDimensions": [
                                  2
                                ],
                                "networkName": "encode",
                                "inputOrOutput": "Output",
                                "application": 0
                              }
                            }
                          },
                          {
                            "tag": "Introduce",
                            "contents": {
                              "tag": "NetworkVar",
                              "contents": {
                                "networkVarIndices": null,
                                "networkVarDimensions": [
                                  5
                                ],
                                "networkName": "encode",
                                "inputOrOutput": "Input",
                                "application": 0
                              }
                            }
                          },
                          {
                            "tag": "EliminateViaGaussian",
                            "contents": [
                              {
                                "tag": "UserVar",
                                "contents": {
                                  "userVarName": "x",
                                  "userVarDimensions": [
                                    5
                                  ],
                                  "unreducedUserVarName": "x"
                                }
                              },
                              {
                                "solutionEquality": {
                                  "dimensions": [
                                    5
                                  ],
                                  "constantValue": [
                                    0,
                                    0,
                                    0,
                                    0,
                                    0
                                  ],
                                  "coefficients": [
                                    [
                                      {
                                        "tag": "NetworkVar",
                                        "contents": {
                                          "networkVarIndices": null,
                                          "networkVarDimensions": [
                                            5
                                          ],
                                          "networkName": "encode",
                                          "inputOrOutput": "Input",
                                          "application": 0
                                        }
                                      },
                                      1
                                    ]
                                  ]
                                }
                              }
                            ]
                          },
                          {
                            "tag": "Reduce",
                            "contents": {
                              "tag": "NetworkVar",
                              "contents": {
                                "networkVarIndices": null,
                                "networkVarDimensions": [
                                  5
                                ],
                                "networkName": "encode",
                                "inputOrOutput": "Input",
                                "application": 0
                              }
                            }
                          },
                          {
                            "tag": "Reduce",
                            "contents": {
                              "tag": "NetworkVar",
                              "contents": {
                                "networkVarIndices": null,
                                "networkVarDimensions": [
                                  2
                                ],
                                "networkName": "encode",
                                "inputOrOutput": "Output",
                                "application": 0
                              }
                            }
                          },
                          {
                            "tag": "Reduce",
                            "contents": {
                              "tag": "NetworkVar",
                              "contents": {
                                "networkVarIndices": null,
                                "networkVarDimensions": [
                                  2
                                ],
                                "networkName": "decode",
                                "inputOrOutput": "Input",
                                "application": 0
                              }
                            }
                          },
                          {
                            "tag": "Reduce",
                            "contents": {
                              "tag": "NetworkVar",
                              "contents": {
                                "networkVarIndices": null,
                                "networkVarDimensions": [
                                  5
                                ],
                                "networkName": "decode",
                                "inputOrOutput": "Output",
                                "application": 0
                              }
                            }
                          }
                        ],
                        "metaNetwork": [
                          {
                            "metaNetworkEntryType": {
                              "outputTensor": {
                                "dimensions": [
                                  5
                                ],
                                "baseType": []
                              },
                              "inputTensor": {
                                "dimensions": [
                                  2
                                ],
                                "baseType": []
                              }
                            },
                            "metaNetworkEntryName": "decode",
                            "metaNetworkEntryFilePath": "fake.onnx"
                          },
                          {
                            "metaNetworkEntryType": {
                              "outputTensor": {
                                "dimensions": [
                                  2
                                ],
                                "baseType": []
                              },
                              "inputTensor": {
                                "dimensions": [
                                  5
                                ],
                                "baseType": []
                              }
                            },
                            "metaNetworkEntryName": "encode",
                            "metaNetworkEntryFilePath": "fake.onnx"
                          }
                        ]
                      }
                    ]
                  ]
                }
              },
              "negated": true
            }
          }
        ]
      }
    ]
  ],
  "resourceIntegrityInfo": {
    "specificationSummary": {
      "name": "specification",
      "filePath": "spec.vcl",
      "fileHash": 2388829430965091667
    },
    "parameterSummaries": {},
    "networkSummaries": [
      {
        "name": "decode",
        "filePath": "fake.onnx",
        "fileHash": -6969277137687631667
      },
      {
        "name": "encode",
        "filePath": "fake.onnx",
        "fileHash": -6969277137687631667
      }
    ],
    "datasetSummaries": []
  }
}