{
  "resourceIntegrityInfo": {
    "datasetSummaries": [],
    "networkSummaries": [
      {
        "fileHash": -6969277137687631667,
        "filePath": "fake.onnx",
        "name": "f"
      }
    ],
    "parameterSummaries": {},
    "specificationSummary": {
      "fileHash": 4113009299672785186,
      "filePath": "spec.vcl",
      "name": "specification"
    }
  },
  "specificationPlan": [
    [
      "prop1",
      {
        "contents": [
          [
            "prop1",
            []
          ],
          {
            "contents": {
              "negated": true,
              "queries": {
                "contents": {
                  "unDisjunctAll": [
                    [
                      [
                        [
                          "prop1",
                          []
                        ],
                        1
                      ],
                      {
                        "metaNetwork": [
                          [
                            "f",
                            "fake.onnx"
                          ]
                        ],
                        "variableInfo": {
                          "normalisedVariableInfo": [
                            [
                              0,
                              {
                                "contents": {
                                  "solutionEquality": {
                                    "coefficients": {
                                      "0": -1,
                                      "1": 1
                                    },
                                    "constantValue": 0,
                                    "numberOfVars": 4
                                  }
                                },
                                "tag": "GaussianSolution"
                              }
                            ]
                          ],
                          "unnormalisedVariableInfo": [
                            [
                              "x",
                              []
                            ]
                          ]
                        }
                      }
                    ],
                    [
                      [
                        [
                          "prop1",
                          []
                        ],
                        2
                      ],
                      {
                        "metaNetwork": [
                          [
                            "f",
                            "fake.onnx"
                          ]
                        ],
                        "variableInfo": {
                          "normalisedVariableInfo": [
                            [
                              0,
                              {
                                "contents": {
                                  "solutionEquality": {
                                    "coefficients": {
                                      "0": -1,
                                      "1": 1
                                    },
                                    "constantValue": 0,
                                    "numberOfVars": 4
                                  }
                                },
                                "tag": "GaussianSolution"
                              }
                            ]
                          ],
                          "unnormalisedVariableInfo": [
                            [
                              "x",
                              []
                            ]
                          ]
                        }
                      }
                    ]
                  ]
                },
                "tag": "NonTrivial"
              }
            },
            "tag": "Query"
          }
        ],
        "tag": "SingleProperty"
      }
    ],
    [
      "prop2",
      {
        "contents": [
          [
            "prop2",
            []
          ],
          {
            "contents": {
              "negated": false,
              "queries": {
                "contents": {
                  "unDisjunctAll": [
                    [
                      [
                        [
                          "prop2",
                          []
                        ],
                        1
                      ],
                      {
                        "metaNetwork": [
                          [
                            "f",
                            "fake.onnx"
                          ]
                        ],
                        "variableInfo": {
                          "normalisedVariableInfo": [
                            [
                              0,
                              {
                                "contents": {
                                  "solutionEquality": {
                                    "coefficients": {
                                      "0": -1,
                                      "1": 1
                                    },
                                    "constantValue": 0,
                                    "numberOfVars": 4
                                  }
                                },
                                "tag": "GaussianSolution"
                              }
                            ]
                          ],
                          "unnormalisedVariableInfo": [
                            [
                              "x",
                              []
                            ]
                          ]
                        }
                      }
                    ],
                    [
                      [
                        [
                          "prop2",
                          []
                        ],
                        2
                      ],
                      {
                        "metaNetwork": [
                          [
                            "f",
                            "fake.onnx"
                          ]
                        ],
                        "variableInfo": {
                          "normalisedVariableInfo": [
                            [
                              0,
                              {
                                "contents": {
                                  "lowerBounds": [],
                                  "upperBounds": [
                                    {
                                      "assertionExpr": {
                                        "coefficients": {
                                          "0": 1
                                        },
                                        "constantValue": 0,
                                        "numberOfVars": 4
                                      },
                                      "assertionRel": "LessThanOrEqualTo"
                                    }
                                  ]
                                },
                                "tag": "FourierMotzkinSolution"
                              }
                            ]
                          ],
                          "unnormalisedVariableInfo": [
                            [
                              "x",
                              []
                            ]
                          ]
                        }
                      }
                    ]
                  ]
                },
                "tag": "NonTrivial"
              }
            },
            "tag": "Query"
          }
        ],
        "tag": "SingleProperty"
      }
    ],
    [
      "prop3",
      {
        "contents": [
          [
            "prop3",
            []
          ],
          {
            "contents": {
              "negated": false,
              "queries": {
                "contents": {
                  "unDisjunctAll": [
                    [
                      [
                        [
                          "prop3",
                          []
                        ],
                        1
                      ],
                      {
                        "metaNetwork": [
                          [
                            "f",
                            "fake.onnx"
                          ]
                        ],
                        "variableInfo": {
                          "normalisedVariableInfo": [
                            [
                              0,
                              {
                                "contents": {
                                  "solutionEquality": {
                                    "coefficients": {
                                      "0": -1,
                                      "1": 1
                                    },
                                    "constantValue": 0,
                                    "numberOfVars": 4
                                  }
                                },
                                "tag": "GaussianSolution"
                              }
                            ]
                          ],
                          "unnormalisedVariableInfo": [
                            [
                              "x",
                              []
                            ]
                          ]
                        }
                      }
                    ],
                    [
                      [
                        [
                          "prop3",
                          []
                        ],
                        2
                      ],
                      {
                        "metaNetwork": [
                          [
                            "f",
                            "fake.onnx"
                          ]
                        ],
                        "variableInfo": {
                          "normalisedVariableInfo": [
                            [
                              0,
                              {
                                "contents": {
                                  "solutionEquality": {
                                    "coefficients": {
                                      "0": -1,
                                      "1": 1
                                    },
                                    "constantValue": 0,
                                    "numberOfVars": 4
                                  }
                                },
                                "tag": "GaussianSolution"
                              }
                            ]
                          ],
                          "unnormalisedVariableInfo": [
                            [
                              "x",
                              []
                            ]
                          ]
                        }
                      }
                    ]
                  ]
                },
                "tag": "NonTrivial"
              }
            },
            "tag": "Query"
          }
        ],
        "tag": "SingleProperty"
      }
    ]
  ]
}