{
  "resourceIntegrityInfo": {
    "datasetSummaries": [],
    "networkSummaries": [
      {
        "fileHash": -6969277137687631667,
        "filePath": "fake.onnx",
        "name": "f"
      }
    ],
    "parameterSummaries": {},
    "specificationSummary": {
      "fileHash": 8133922974965376708,
      "filePath": "spec.vcl",
      "name": "specification"
    }
  },
  "specificationPlan": [
    [
      "index",
      {
        "contents": [
          {
            "contents": [
              [
                "index",
                [
                  0
                ]
              ],
              {
                "contents": {
                  "negated": false,
                  "queries": {
                    "contents": {
                      "unDisjunctAll": [
                        [
                          [
                            [
                              "index",
                              [
                                0
                              ]
                            ],
                            1
                          ],
                          {
                            "metaNetwork": [
                              [
                                "f",
                                "fake.onnx"
                              ]
                            ],
                            "variableInfo": {
                              "normalisedVariableInfo": [],
                              "unnormalisedVariableInfo": []
                            }
                          }
                        ]
                      ]
                    },
                    "tag": "NonTrivial"
                  }
                },
                "tag": "Query"
              }
            ],
            "tag": "SingleProperty"
          },
          {
            "contents": [
              [
                "index",
                [
                  1
                ]
              ],
              {
                "contents": {
                  "negated": false,
                  "queries": {
                    "contents": {
                      "unDisjunctAll": [
                        [
                          [
                            [
                              "index",
                              [
                                1
                              ]
                            ],
                            1
                          ],
                          {
                            "metaNetwork": [
                              [
                                "f",
                                "fake.onnx"
                              ]
                            ],
                            "variableInfo": {
                              "normalisedVariableInfo": [],
                              "unnormalisedVariableInfo": []
                            }
                          }
                        ]
                      ]
                    },
                    "tag": "NonTrivial"
                  }
                },
                "tag": "Query"
              }
            ],
            "tag": "SingleProperty"
          }
        ],
        "tag": "MultiProperty"
      }
    ]
  ]
}