{
  "queryMetaData": {
    "tag": "NonTrivial",
    "contents": {
      "tag": "Query",
      "contents": {
        "queries": {
          "unDisjunctAll": [
            {
              "variableStore": {
                "vehicleVariableCtx": [
                  "f₀[output]!1",
                  "f₀[output]!0",
                  "f₀[output]",
                  "f₀[input]!1",
                  "f₀[input]!0",
                  "f₀[input]",
                  "x!1",
                  "x!0",
                  "x"
                ],
                "userVariables": [
                  0
                ],
                "queryVariableMapping": {
                  "y1": 8,
                  "y0": 7,
                  "x1": 5,
                  "x0": 4
                }
              },
              "variableCompilationTrace": {
                "reconstructionSteps": [
                  {
                    "tag": "InternalReconstructTensorVariable",
                    "contents": [
                      3,
                      [
                        [
                          2
                        ],
                        4,
                        5
                      ]
                    ]
                  },
                  {
                    "tag": "InternalReconstructTensorVariable",
                    "contents": [
                      6,
                      [
                        [
                          2
                        ],
                        7,
                        8
                      ]
                    ]
                  },
                  {
                    "tag": "SolveEquality",
                    "contents": [
                      2,
                      [],
                      {
                        "constantValue": {
                          "tag": "ConstantTensor",
                          "contents": [
                            [],
                            {
                              "numerator": -4,
                              "denominator": 1
                            }
                          ]
                        },
                        "coefficients": [
                          [
                            5,
                            {
                              "numerator": 1,
                              "denominator": 1
                            }
                          ]
                        ]
                      }
                    ]
                  },
                  {
                    "tag": "SolveEquality",
                    "contents": [
                      1,
                      [],
                      {
                        "constantValue": {
                          "tag": "ConstantTensor",
                          "contents": [
                            [],
                            {
                              "numerator": -4,
                              "denominator": 1
                            }
                          ]
                        },
                        "coefficients": [
                          [
                            4,
                            {
                              "numerator": 1,
                              "denominator": 1
                            }
                          ]
                        ]
                      }
                    ]
                  },
                  {
                    "tag": "InternalReconstructTensorVariable",
                    "contents": [
                      0,
                      [
                        [
                          2
                        ],
                        1,
                        2
                      ]
                    ]
                  }
                ]
              },
              "queryAddress": [
                {
                  "propertyName": "safe",
                  "propertyIndices": [],
                  "propertyID": 1
                },
                1
              ],
              "metaNetwork": [
                {
                  "metaNetworkEntryName": "f",
                  "metaNetworkEntryInfo": {
                    "networkType": {
                      "outputTensor": {
                        "dimensions": [
                          2
                        ],
                        "baseType": []
                      },
                      "inputTensor": {
                        "dimensions": [
                          2
                        ],
                        "baseType": []
                      }
                    },
                    "networkFilepath": "fake.onnx"
                  }
                }
              ]
            }
          ]
        },
        "negated": true
      }
    }
  }
}