[93m
Warning: In some cases in @property 'p' the constraints on quantified variable 'x' consist only of direct bounds, and 'x' is not related to a @network declaration in any way.
[m
Error in file 'spec.vcl' at Line 3, Columns 13-14: The property 'User.p' cannot be compiled to tensor code as the variable 'x' is not properly bounded. In particular, missing lower bounds for indices [ 0 ]
[1] and missing upper bounds for indices [0]
Fix: Add inequalities that restrict the value of the variable both below and above.
