@property;
unusedVar : forallT (f : Tensor Rat -> Tensor Rat) . Tensor Bool;
unusedVar f = exists x . exists (y : Tensor Rat) . f [x] ! 0 >= 0.0

@property;
underConstrainedVar1 : forallT (f : Tensor Rat -> Tensor Rat) . Tensor Bool;
underConstrainedVar1 f = exists x . exists y . x >= 1.0 and y >= 2.0 and f [x + y] ! 0 >= 0.0

@property;
underConstrainedVar2 : forallT (f : Tensor Rat -> Tensor Rat) . Tensor Bool;
underConstrainedVar2 f = exists x . exists y . x >= 1.0 and 2.0 * y >= 2.0 and f [2.0 * x + y] ! 0 >= 0.0

@property;
underConstrainedVars : forallT (f : Tensor Rat -> Tensor Rat) . Tensor Bool;
underConstrainedVars f = exists (x : Tensor Rat) . x ! 3 >= 2.0 and x ! 2 + x ! 3 >= 1.0 and x ! 1 - 2.0 * x ! 3 >= 2.5 and f [x ! 0 + x ! 1] ! 0 >= 2.0