Usage: vehicle compile loss (-l|--logic LOGIC) (-s|--specification FILE) 
                            [-e|--declaration NAME] [-o|--output FILE] 
                            [--dl-native-direction]

  Compile a specification to a loss function.

Available options:
  -l,--logic LOGIC         The differentiable logic to export to. Supported options: 
                             * VehicleLoss
                             * DL2Loss
                             * STLLoss
  -s,--specification FILE  The .vcl file containing the specification.
  -e,--declaration NAME    Declarations in the specification to include during
                           compilation. Can be provided multiple times. If not
                           provided then all declarations in the specification
                           will be compiled.
  -o,--output FILE         Output location for compiled file(s). Defaults to
                           `stdout` if not provided.
  --dl-native-direction    Emit the compiled property in the differentiable
                           logic's native direction (robustness for STL, loss
                           for DL2). When unset (default), the property is
                           wrapped in 'not' for robustness-style logics so the
                           output is always a minimisation target.
  -h,--help                Show this help text
