[
  {
    "tag": "DefFunction",
    "contents": [
      "add1",
      {
        "tag": "Lambda",
        "contents": [
          "x",
          {
            "tag": "Addition",
            "contents": [
              {
                "tag": "Variable",
                "contents": "x"
              },
              {
                "tag": "Constant",
                "contents": 1
              }
            ]
          }
        ]
      }
    ]
  },
  {
    "tag": "DefFunction",
    "contents": [
      "p1",
      {
        "tag": "Quantifier",
        "contents": [
          "All",
          "x",
          [],
          {
            "tag": "Max",
            "contents": [
              {
                "tag": "Constant",
                "contents": 0
              },
              {
                "tag": "Subtraction",
                "contents": [
                  {
                    "tag": "FreeVariable",
                    "contents": [
                      "add1",
                      [
                        {
                          "tag": "Constant",
                          "contents": 0
                        }
                      ]
                    ]
                  },
                  {
                    "tag": "At",
                    "contents": [
                      {
                        "tag": "NetworkApplication",
                        "contents": [
                          "f",
                          [
                            {
                              "tag": "Variable",
                              "contents": "x"
                            }
                          ]
                        ]
                      },
                      {
                        "tag": "Constant",
                        "contents": 0
                      }
                    ]
                  }
                ]
              }
            ]
          }
        ]
      }
    ]
  },
  {
    "tag": "DefFunction",
    "contents": [
      "p2",
      {
        "tag": "Quantifier",
        "contents": [
          "All",
          "x",
          [],
          {
            "tag": "Max",
            "contents": [
              {
                "tag": "Constant",
                "contents": 0
              },
              {
                "tag": "Subtraction",
                "contents": [
                  {
                    "tag": "Constant",
                    "contents": 0
                  },
                  {
                    "tag": "At",
                    "contents": [
                      {
                        "tag": "NetworkApplication",
                        "contents": [
                          "g",
                          [
                            {
                              "tag": "Variable",
                              "contents": "x"
                            }
                          ]
                        ]
                      },
                      {
                        "tag": "Constant",
                        "contents": 0
                      }
                    ]
                  }
                ]
              }
            ]
          }
        ]
      }
    ]
  }
]