{
  "queryMetaData": {
    "tag": "NonTrivial",
    "contents": {
      "tag": "Query",
      "contents": {
        "queries": {
          "unDisjunctAll": [
            {
              "variableStore": {
                "vehicleVariableCtx": [
                  "f₀[output]!3!1",
                  "f₀[output]!3!0",
                  "f₀[output]!3",
                  "f₀[output]!2!1",
                  "f₀[output]!2!0",
                  "f₀[output]!2",
                  "f₀[output]!1!1",
                  "f₀[output]!1!0",
                  "f₀[output]!1",
                  "f₀[output]!0!1",
                  "f₀[output]!0!0",
                  "f₀[output]!0",
                  "f₀[output]",
                  "f₀[input]!1",
                  "f₀[input]!0",
                  "f₀[input]"
                ],
                "userVariables": [],
                "queryVariableMapping": {
                  "y7": 15,
                  "y6": 14,
                  "y5": 12,
                  "y4": 11,
                  "y3": 9,
                  "y2": 8,
                  "y1": 6,
                  "y0": 5,
                  "x1": 2,
                  "x0": 1
                }
              },
              "variableCompilationTrace": {
                "reconstructionSteps": [
                  {
                    "tag": "ReconstructTensorVariable",
                    "contents": [
                      {
                        "nestedTensorShape": [
                          2
                        ],
                        "nestedStartingVariable": 0
                      },
                      "AllDimensions"
                    ]
                  },
                  {
                    "tag": "ReconstructTensorVariable",
                    "contents": [
                      {
                        "nestedTensorShape": [
                          4,
                          2
                        ],
                        "nestedStartingVariable": 3
                      },
                      "AllDimensions"
                    ]
                  }
                ]
              },
              "queryAddress": [
                {
                  "propertyName": "positionUnderLimit",
                  "propertyIndices": [],
                  "propertyID": 1
                },
                1
              ],
              "metaNetwork": [
                [
                  "f",
                  {
                    "networkType": {
                      "outputTensor": {
                        "dimensions": [
                          4,
                          2
                        ],
                        "baseType": []
                      },
                      "inputTensor": {
                        "dimensions": [
                          2
                        ],
                        "baseType": []
                      }
                    },
                    "networkFilepath": "fake.onnx"
                  },
                  1
                ]
              ]
            }
          ]
        },
        "negated": false
      }
    }
  }
}