{
  "queryMetaData": {
    "tag": "NonTrivial",
    "contents": {
      "tag": "Conjunct",
      "contents": {
        "unConjunctAll": [
          {
            "tag": "Query",
            "contents": {
              "queries": {
                "unDisjunctAll": [
                  {
                    "variableStore": {
                      "vehicleVariableCtx": [
                        "f₀[output]!3!1",
                        "f₀[output]!3!0",
                        "f₀[output]!3",
                        "f₀[output]!2!1",
                        "f₀[output]!2!0",
                        "f₀[output]!2",
                        "f₀[output]!1!1",
                        "f₀[output]!1!0",
                        "f₀[output]!1",
                        "f₀[output]!0!1",
                        "f₀[output]!0!0",
                        "f₀[output]!0",
                        "f₀[output]",
                        "f₀[input]!1",
                        "f₀[input]!0",
                        "f₀[input]"
                      ],
                      "userVariables": [],
                      "queryVariableMapping": {
                        "y7": 15,
                        "y6": 14,
                        "y5": 12,
                        "y4": 11,
                        "y3": 9,
                        "y2": 8,
                        "y1": 6,
                        "y0": 5,
                        "x1": 2,
                        "x0": 1
                      }
                    },
                    "variableCompilationTrace": {
                      "reconstructionSteps": [
                        {
                          "tag": "ReconstructTensorVariable",
                          "contents": [
                            {
                              "nestedTensorShape": [
                                2
                              ],
                              "nestedStartingVariable": 0
                            },
                            "AllDimensions"
                          ]
                        },
                        {
                          "tag": "ReconstructTensorVariable",
                          "contents": [
                            {
                              "nestedTensorShape": [
                                4,
                                2
                              ],
                              "nestedStartingVariable": 3
                            },
                            "AllDimensions"
                          ]
                        }
                      ]
                    },
                    "queryAddress": [
                      {
                        "propertyName": "positionsInRange",
                        "propertyIndices": [],
                        "propertyID": 0
                      },
                      1
                    ],
                    "metaNetwork": [
                      [
                        "f",
                        {
                          "networkType": {
                            "outputTensor": {
                              "dimensions": [
                                4,
                                2
                              ],
                              "baseType": []
                            },
                            "inputTensor": {
                              "dimensions": [
                                2
                              ],
                              "baseType": []
                            }
                          },
                          "networkFilepath": "fake.onnx"
                        },
                        1
                      ]
                    ]
                  }
                ]
              },
              "negated": false
            }
          },
          {
            "tag": "Query",
            "contents": {
              "queries": {
                "unDisjunctAll": [
                  {
                    "variableStore": {
                      "vehicleVariableCtx": [
                        "f₀[output]!3!1",
                        "f₀[output]!3!0",
                        "f₀[output]!3",
                        "f₀[output]!2!1",
                        "f₀[output]!2!0",
                        "f₀[output]!2",
                        "f₀[output]!1!1",
                        "f₀[output]!1!0",
                        "f₀[output]!1",
                        "f₀[output]!0!1",
                        "f₀[output]!0!0",
                        "f₀[output]!0",
                        "f₀[output]",
                        "f₀[input]!1",
                        "f₀[input]!0",
                        "f₀[input]",
                        "f₀[output]!3!1",
                        "f₀[output]!3!0",
                        "f₀[output]!3",
                        "f₀[output]!2!1",
                        "f₀[output]!2!0",
                        "f₀[output]!2",
                        "f₀[output]!1!1",
                        "f₀[output]!1!0",
                        "f₀[output]!1",
                        "f₀[output]!0!1",
                        "f₀[output]!0!0",
                        "f₀[output]!0",
                        "f₀[output]",
                        "f₀[input]!1",
                        "f₀[input]!0",
                        "f₀[input]"
                      ],
                      "userVariables": [],
                      "queryVariableMapping": {
                        "y7": 31,
                        "y6": 30,
                        "y5": 28,
                        "y4": 27,
                        "y3": 25,
                        "y2": 24,
                        "y1": 22,
                        "y0": 21,
                        "x1": 18,
                        "x0": 17
                      }
                    },
                    "variableCompilationTrace": {
                      "reconstructionSteps": [
                        {
                          "tag": "ReconstructTensorVariable",
                          "contents": [
                            {
                              "nestedTensorShape": [
                                2
                              ],
                              "nestedStartingVariable": 16
                            },
                            "AllDimensions"
                          ]
                        },
                        {
                          "tag": "ReconstructTensorVariable",
                          "contents": [
                            {
                              "nestedTensorShape": [
                                4,
                                2
                              ],
                              "nestedStartingVariable": 19
                            },
                            "AllDimensions"
                          ]
                        }
                      ]
                    },
                    "queryAddress": [
                      {
                        "propertyName": "positionsInRange",
                        "propertyIndices": [],
                        "propertyID": 0
                      },
                      2
                    ],
                    "metaNetwork": [
                      [
                        "f",
                        {
                          "networkType": {
                            "outputTensor": {
                              "dimensions": [
                                4,
                                2
                              ],
                              "baseType": []
                            },
                            "inputTensor": {
                              "dimensions": [
                                2
                              ],
                              "baseType": []
                            }
                          },
                          "networkFilepath": "fake.onnx"
                        },
                        1
                      ]
                    ]
                  }
                ]
              },
              "negated": false
            }
          }
        ]
      }
    }
  }
}