bigAnd : (\ A -> Vector A) Bool -> Bool;
bigAnd = (\ {A} -> \ {B} -> \ f -> dfold f) (\ x -> \ y -> x and y) True

vectorToVector : Vector Bool -> Vector Bool;
vectorToVector xs = xs

mapVector : (Index -> Bool) -> Vector (Index) -> Vector Bool;
mapVector f = dfold {Index} {Vector Bool} (\ x -> \ xs -> f x :: xs) []

foreachVector : forallT n . (Index -> Bool) -> Vector Bool;
foreachVector n f = mapVector f (indices n)

forallIndex : forallT n . (Index -> Bool) -> Bool;
forallIndex n f = bigAnd (foreachVector n (\ i -> f i))

test : Bool;
test = forallIndex 5 (\ (i : Index) -> i <= 1)