{
  "specificationPlan": [
    [
      "spec",
      {
        "tag": "SingleProperty",
        "contents": {
          "tag": "Query",
          "contents": {
            "queries": {
              "tag": "NonTrivial",
              "contents": {
                "unDisjunctAll": [
                  {
                    "userVar": [
                      [
                        0,
                        {
                          "tag": "GaussianSolution",
                          "contents": {
                            "solutionEquality": {
                              "numberOfVars": 5,
                              "constantValue": 0,
                              "coefficients": {
                                "1": 1,
                                "0": -1
                              }
                            }
                          }
                        }
                      ]
                    ],
                    "metaNetwork": [
                      [
                        "f",
                        "fake.onnx"
                      ]
                    ]
                  }
                ]
              }
            },
            "negated": true
          }
        }
      }
    ]
  ],
  "resourceIntegrityInfo": {
    "specificationSummary": {
      "name": "specification",
      "filePath": "spec.vcl",
      "fileHash": 5155813184956787355
    },
    "parameterSummaries": {},
    "networkSummaries": [
      {
        "name": "f",
        "filePath": "fake.onnx",
        "fileHash": 7336660951960586308
      }
    ],
    "datasetSummaries": []
  }
}