bigAnd : (\ A -> Vector A) Bool -> Bool;
bigAnd = (\ {A} -> \ {B} -> \ f -> dfold f) (\ x -> \ y -> x and y) True

vectorToVector : Vector Rat -> Vector Rat;
vectorToVector xs = xs

@noinline;
equalsVector : Vector Rat -> Vector Rat -> Bool;
equalsVector xs ys = bigAnd (zipWith (\ x -> \ y -> x == y) xs ys)

type Tensor A ds = fold (\ d -> \ t -> Vector t) A ds

vectorToList : Vector Nat -> List Nat;
vectorToList = (\ {A} -> \ {B} -> \ f -> dfold f) (\ x -> \ xs -> x :: xs) nil

@property;
reachable : forallT (f : Tensor Rat (2 :: nil) -> Tensor Rat (1 :: nil)) . Bool;
reachable f = exists x . equalsVector (f x) [0.0]