@property;
andGateCorrect : forallT (andGate : Tensor Rat -> Tensor Rat) . Tensor Bool;
andGateCorrect andGate = Optimise[min] (+) (\ x1 -> Optimise[min] (+) (\ x2 -> max 0.0 (x1 - 0.0) * max 0.0 (1.0 - x1) * (max 0.0 (x2 - 0.0) * max 0.0 (1.0 - x2)) * (max 0.0 (x1 - 0.5) * max 0.0 (x2 - 0.5) * (max 0.0 (0.5 - andGate [x1, x2] ! 0) + (if 0.5 == andGate [x1, x2] ! 0 then 1.0 else 0.0)) + (max 0.0 (x1 - 0.5) * max 0.0 (0.5 - x2) * (max 0.0 (andGate [x1, x2] ! 0 - 0.5) + (if andGate [x1, x2] ! 0 == 0.5 then 1.0 else 0.0)) + (max 0.0 (0.5 - x1) * max 0.0 (x2 - 0.5) * (max 0.0 (andGate [x1, x2] ! 0 - 0.5) + (if andGate [x1, x2] ! 0 == 0.5 then 1.0 else 0.0)) + max 0.0 (0.5 - x1) * max 0.0 (0.5 - x2) * (max 0.0 (andGate [x1, x2] ! 0 - 0.5) + (if andGate [x1, x2] ! 0 == 0.5 then 1.0 else 0.0)))))))