Token.Comment	'--The input for the network is a 28 * 28 image\n'
Token.Keyword	'type'
Token.Space	' '
Token.Name	'Image'
Token.Space	' '
Token.Punctuation	'='
Token.Space	' '
Token.Name	'Tensor'
Token.Space	' '
Token.Keyword.Type	'Rat'
Token.Space	' '
Token.Operator	'['
Token.Literal.Number.Integer	'1'
Token.Punctuation	','
Token.Space	' '
Token.Literal.Number.Integer	'1'
Token.Operator	']'
Token.Space	'\n\n'
Token.Comment	'--A label is an int between 0 and 9\n'
Token.Keyword	'type'
Token.Space	' '
Token.Name	'Label'
Token.Space	' '
Token.Punctuation	'='
Token.Space	' '
Token.Keyword.Type	'Index'
Token.Space	' '
Token.Literal.Number.Integer	'2'
Token.Space	'\n\n'
Token.Comment	'--All pixels in the image have values between 0 and 1\n'
Token.Name	'validImage'
Token.Space	' '
Token.Punctuation	':'
Token.Space	' '
Token.Name	'Image'
Token.Space	' '
Token.Operator	'->'
Token.Space	' '
Token.Keyword.Type	'Bool'
Token.Space	'\n'
Token.Name	'validImage'
Token.Space	' '
Token.Name	'x'
Token.Space	' '
Token.Punctuation	'='
Token.Space	' '
Token.Keyword	'forall'
Token.Space	' '
Token.Name	'i'
Token.Space	' '
Token.Name	'j'
Token.Space	' '
Token.Punctuation	'.'
Token.Space	' '
Token.Literal.Number.Integer	'0'
Token.Space	' '
Token.Operator	'<='
Token.Space	' '
Token.Name	'x'
Token.Space	' '
Token.Operator	'!'
Token.Space	' '
Token.Name	'i'
Token.Space	' '
Token.Operator	'!'
Token.Space	' '
Token.Name	'j'
Token.Space	' '
Token.Operator	'<='
Token.Space	' '
Token.Literal.Number.Integer	'1'
Token.Space	'\n\n'
Token.Comment	'--The network takes an image and returns a vector of scores\n'
Token.Keyword.Declaration	'@network'
Token.Space	'\n'
Token.Name	'classifier'
Token.Space	' '
Token.Punctuation	':'
Token.Space	' '
Token.Name	'Image'
Token.Space	' '
Token.Operator	'->'
Token.Space	' '
Token.Keyword.Type	'Vector'
Token.Space	' '
Token.Keyword.Type	'Rat'
Token.Space	' '
Token.Literal.Number.Integer	'2'
Token.Space	'\n\n'
Token.Comment	'--The classifier scores a given label above all others\n'
Token.Name	'advises'
Token.Space	' '
Token.Punctuation	':'
Token.Space	' '
Token.Name	'Image'
Token.Space	' '
Token.Operator	'->'
Token.Space	' '
Token.Name	'Label'
Token.Space	' '
Token.Operator	'->'
Token.Space	' '
Token.Keyword.Type	'Bool'
Token.Space	'\n'
Token.Name	'advises'
Token.Space	' '
Token.Name	'image'
Token.Space	' '
Token.Name	'label'
Token.Space	' '
Token.Punctuation	'='
Token.Space	' '
Token.Keyword	'forall'
Token.Space	' '
Token.Name	'j'
Token.Space	' '
Token.Punctuation	'.'
Token.Space	' '
Token.Name	'j'
Token.Space	' '
Token.Operator	'!='
Token.Space	' '
Token.Name	'label'
Token.Space	' '
Token.Operator	'=>'
Token.Space	' '
Token.Name	'classifier'
Token.Space	' '
Token.Name	'image'
Token.Space	' '
Token.Operator	'!'
Token.Space	' '
Token.Name	'label'
Token.Space	' '
Token.Operator	'>'
Token.Space	' '
Token.Name	'classifier'
Token.Space	' '
Token.Name	'image'
Token.Space	' '
Token.Operator	'!'
Token.Space	' '
Token.Name	'j'
Token.Space	'\n\n\n'
Token.Comment	'--The radius of the epsilon ball that we are checking robustness within\n'
Token.Name	'epsilon'
Token.Space	' '
Token.Punctuation	':'
Token.Space	' '
Token.Keyword.Type	'Rat'
Token.Space	'\n'
Token.Name	'epsilon'
Token.Space	' '
Token.Punctuation	'='
Token.Space	' '
Token.Literal.Number.Integer	'0'
Token.Punctuation	'.'
Token.Literal.Number.Integer	'05'
Token.Space	'\n\n'
Token.Comment	'--Every pixel in the perturbation is less than or equal to epsilon\n'
Token.Name	'boundedByEpsilon'
Token.Space	' '
Token.Punctuation	':'
Token.Space	' '
Token.Name	'Image'
Token.Space	' '
Token.Operator	'->'
Token.Space	' '
Token.Keyword.Type	'Bool'
Token.Space	'\n'
Token.Name	'boundedByEpsilon'
Token.Space	' '
Token.Name	'perturbation'
Token.Space	' '
Token.Punctuation	'='
Token.Space	' '
Token.Keyword	'forall'
Token.Space	' '
Token.Name	'i'
Token.Space	' '
Token.Name	'j'
Token.Space	' '
Token.Punctuation	'.'
Token.Space	' '
Token.Operator	'-'
Token.Name	'epsilon'
Token.Space	' '
Token.Operator	'<='
Token.Space	' '
Token.Name	'perturbation'
Token.Space	' '
Token.Operator	'!'
Token.Space	' '
Token.Name	'i'
Token.Space	' '
Token.Operator	'!'
Token.Space	' '
Token.Name	'j'
Token.Space	' '
Token.Operator	'<='
Token.Space	' '
Token.Name	'epsilon'
Token.Space	'\n\n'
Token.Comment	'--Check that every valid perturbation of an image is classified as the given label\n'
Token.Name	'robustAround'
Token.Space	' '
Token.Punctuation	':'
Token.Space	' '
Token.Name	'Image'
Token.Space	' '
Token.Operator	'->'
Token.Space	' '
Token.Name	'Label'
Token.Space	' '
Token.Operator	'->'
Token.Space	' '
Token.Keyword.Type	'Bool'
Token.Space	'\n'
Token.Name	'robustAround'
Token.Space	' '
Token.Name	'image'
Token.Space	' '
Token.Name	'label'
Token.Space	' '
Token.Punctuation	'='
Token.Space	' '
Token.Keyword	'forall'
Token.Space	' '
Token.Name	'perturbation'
Token.Space	' '
Token.Punctuation	'.'
Token.Space	'\n\t'
Token.Keyword	'let'
Token.Space	' '
Token.Name	'perturbedImage'
Token.Space	' '
Token.Punctuation	'='
Token.Space	' '
Token.Name	'image'
Token.Space	' '
Token.Operator	'-'
Token.Space	' '
Token.Name	'perturbation'
Token.Space	' '
Token.Keyword	'in'
Token.Space	'\n\t'
Token.Name	'boundedByEpsilon'
Token.Space	' '
Token.Name	'perturbation'
Token.Space	' '
Token.Operator.Word	'and'
Token.Space	' '
Token.Name	'validImage'
Token.Space	' '
Token.Name	'perturbedImage'
Token.Space	' '
Token.Operator	'=>'
Token.Space	'\n\t\t'
Token.Name	'advises'
Token.Space	' '
Token.Name	'perturbedImage'
Token.Space	' '
Token.Name	'label'
Token.Space	'\n\n'
Token.Comment	'--Test the image for robustness around the label\n'
Token.Keyword.Declaration	'@property'
Token.Space	'\n'
Token.Name	'robust'
Token.Space	' '
Token.Punctuation	':'
Token.Space	' '
Token.Keyword.Type	'Bool'
Token.Space	'\n'
Token.Name	'robust'
Token.Space	' '
Token.Punctuation	'='
Token.Space	' '
Token.Name	'robustAround'
Token.Space	' '
Token.Operator	'['
Token.Operator	'['
Token.Literal.Number.Integer	'1'
Token.Operator	']'
Token.Operator	']'
Token.Space	' '
Token.Literal.Number.Integer	'0'
Token.Space	'\n'
