{
  "resourceIntegrityInfo": {
    "datasetSummaries": [],
    "networkSummaries": [
      {
        "fileHash": -6969277137687631667,
        "filePath": "fake.onnx",
        "name": "f"
      }
    ],
    "parameterSummaries": {},
    "specificationSummary": {
      "fileHash": -8492557239416345185,
      "filePath": "spec.vcl",
      "name": "specification"
    }
  },
  "specificationPlan": [
    [
      "expandedExpr",
      {
        "contents": [
          [
            "expandedExpr",
            []
          ],
          {
            "contents": {
              "negated": true,
              "queries": {
                "contents": {
                  "unDisjunctAll": [
                    [
                      [
                        [
                          "expandedExpr",
                          []
                        ],
                        1
                      ],
                      {
                        "metaNetwork": [
                          [
                            "f",
                            "fake.onnx"
                          ]
                        ],
                        "variableInfo": {
                          "normalisedVariableInfo": [
                            [
                              0,
                              {
                                "contents": {
                                  "solutionEquality": {
                                    "coefficients": {
                                      "0": -1,
                                      "1": 1
                                    },
                                    "constantValue": 0,
                                    "numberOfVars": 4
                                  }
                                },
                                "tag": "GaussianSolution"
                              }
                            ]
                          ],
                          "unnormalisedVariableInfo": [
                            [
                              "x",
                              [
                                1
                              ]
                            ]
                          ]
                        }
                      }
                    ]
                  ]
                },
                "tag": "NonTrivial"
              }
            },
            "tag": "Query"
          }
        ],
        "tag": "SingleProperty"
      }
    ],
    [
      "sequential",
      {
        "contents": [
          [
            "sequential",
            []
          ],
          {
            "contents": {
              "negated": true,
              "queries": {
                "contents": {
                  "unDisjunctAll": [
                    [
                      [
                        [
                          "sequential",
                          []
                        ],
                        1
                      ],
                      {
                        "metaNetwork": [
                          [
                            "f",
                            "fake.onnx"
                          ],
                          [
                            "f",
                            "fake.onnx"
                          ]
                        ],
                        "variableInfo": {
                          "normalisedVariableInfo": [
                            [
                              1,
                              {
                                "contents": {
                                  "solutionEquality": {
                                    "coefficients": {
                                      "1": -1,
                                      "4": 1
                                    },
                                    "constantValue": 0,
                                    "numberOfVars": 7
                                  }
                                },
                                "tag": "GaussianSolution"
                              }
                            ],
                            [
                              0,
                              {
                                "contents": {
                                  "solutionEquality": {
                                    "coefficients": {
                                      "0": -1,
                                      "2": 1
                                    },
                                    "constantValue": 0,
                                    "numberOfVars": 7
                                  }
                                },
                                "tag": "GaussianSolution"
                              }
                            ]
                          ],
                          "unnormalisedVariableInfo": [
                            [
                              "x",
                              [
                                1
                              ]
                            ],
                            [
                              "y",
                              [
                                1
                              ]
                            ]
                          ]
                        }
                      }
                    ]
                  ]
                },
                "tag": "NonTrivial"
              }
            },
            "tag": "Query"
          }
        ],
        "tag": "SingleProperty"
      }
    ],
    [
      "parallel",
      {
        "contents": [
          [
            "parallel",
            []
          ],
          {
            "contents": [
              {
                "contents": {
                  "negated": true,
                  "queries": {
                    "contents": {
                      "unDisjunctAll": [
                        [
                          [
                            [
                              "parallel",
                              []
                            ],
                            1
                          ],
                          {
                            "metaNetwork": [
                              [
                                "f",
                                "fake.onnx"
                              ]
                            ],
                            "variableInfo": {
                              "normalisedVariableInfo": [
                                [
                                  0,
                                  {
                                    "contents": {
                                      "solutionEquality": {
                                        "coefficients": {
                                          "0": -1,
                                          "1": 1
                                        },
                                        "constantValue": 0,
                                        "numberOfVars": 4
                                      }
                                    },
                                    "tag": "GaussianSolution"
                                  }
                                ]
                              ],
                              "unnormalisedVariableInfo": [
                                [
                                  "x",
                                  [
                                    1
                                  ]
                                ]
                              ]
                            }
                          }
                        ]
                      ]
                    },
                    "tag": "NonTrivial"
                  }
                },
                "tag": "Query"
              },
              {
                "contents": {
                  "negated": false,
                  "queries": {
                    "contents": {
                      "unDisjunctAll": [
                        [
                          [
                            [
                              "parallel",
                              []
                            ],
                            2
                          ],
                          {
                            "metaNetwork": [
                              [
                                "f",
                                "fake.onnx"
                              ]
                            ],
                            "variableInfo": {
                              "normalisedVariableInfo": [
                                [
                                  0,
                                  {
                                    "contents": {
                                      "solutionEquality": {
                                        "coefficients": {
                                          "0": -1,
                                          "1": 1
                                        },
                                        "constantValue": 0,
                                        "numberOfVars": 4
                                      }
                                    },
                                    "tag": "GaussianSolution"
                                  }
                                ]
                              ],
                              "unnormalisedVariableInfo": [
                                [
                                  "x",
                                  [
                                    1
                                  ]
                                ]
                              ]
                            }
                          }
                        ]
                      ]
                    },
                    "tag": "NonTrivial"
                  }
                },
                "tag": "Query"
              }
            ],
            "tag": "Conjunct"
          }
        ],
        "tag": "SingleProperty"
      }
    ]
  ]
}