@property;
test1 : forallT (f : Tensor Rat -> Tensor Rat) . Tensor Bool;
test1 f = Optimise[min] (\ x -> \ y -> 1.0 - max x y) (\ a -> 1.0 - max (max 0.0 (a - 0.0)) (fold (\ x -> \ y -> 1.0 - min x y) 0.0 (f [a + 2.0] == [0.0])))

@property;
test2 : forallT (g : Tensor Rat -> Tensor Rat) . Tensor Bool;
test2 g = Optimise[min] (\ x -> \ y -> 1.0 - max x y) (\ a -> Optimise[min] (\ x -> \ y -> 1.0 - max x y) (\ b -> 1.0 - min (max 0.0 (1.0 - a)) (1.0 - min (1.0 - max 0.0 (a - b)) (fold (\ x -> \ y -> 1.0 - min x y) 0.0 (g [a + b, a + 2.0 * b] == [0.0])))))

@property;
test3 : forallT (g : Tensor Rat -> Tensor Rat) . Tensor Bool;
test3 g = Optimise[min] (\ x -> \ y -> 1.0 - min x y) (\ a -> Optimise[min] (\ x -> \ y -> 1.0 - min x y) (\ b -> 1.0 - (1.0 - max (1.0 - min (max 0.0 (a - 0.0)) (b != 0.0)) (fold (\ x -> \ y -> 1.0 - max x y) 1.0 (g [a, b] != [0.0])))))