[
  {
    "entityType": "Bool",
    "entitySort": "@property",
    "entityName": "property1"
  },
  {
    "entityType": "Bool",
    "entitySort": "@property",
    "entityName": "property2"
  },
  {
    "entityType": "Bool",
    "entitySort": "@property",
    "entityName": "property3"
  },
  {
    "entityType": "Bool",
    "entitySort": "@property",
    "entityName": "property4"
  },
  {
    "entityType": "Bool",
    "entitySort": "@property",
    "entityName": "property5"
  },
  {
    "entityType": "Bool",
    "entitySort": "@property",
    "entityName": "property6"
  },
  {
    "entityType": "Bool",
    "entitySort": "@property",
    "entityName": "property7"
  },
  {
    "entityType": "Bool",
    "entitySort": "@property",
    "entityName": "property8"
  },
  {
    "entityType": "Bool",
    "entitySort": "@property",
    "entityName": "property9"
  },
  {
    "entityType": "Bool",
    "entitySort": "@property",
    "entityName": "property10"
  }
]
