Token.Keyword.Declaration	'@property'
Token.Space	'\n'
Token.Name	'prop'
Token.Space	' '
Token.Punctuation	':'
Token.Space	' '
Token.Keyword.Type	'Bool'
Token.Space	'\n'
Token.Name	'prop'
Token.Space	' '
Token.Punctuation	'='
Token.Space	' '
Token.Keyword	'forall'
Token.Space	' '
Token.Punctuation	'('
Token.Name	'x'
Token.Space	' '
Token.Punctuation	':'
Token.Space	' '
Token.Keyword.Type	'Rat'
Token.Punctuation	')'
Token.Space	' '
Token.Punctuation	'.'
Token.Space	' '
Token.Name	'x'
Token.Space	' '
Token.Operator	'>='
Token.Space	' '
Token.Literal.Number.Integer	'0'
Token.Space	'\n'
