{
  "queryMetaData": {
    "tag": "NonTrivial",
    "contents": {
      "tag": "Query",
      "contents": {
        "queries": {
          "unDisjunctAll": [
            {
              "variableStore": {
                "vehicleVariableCtx": [
                  "andGate₃[output]!0",
                  "andGate₃[output]",
                  "andGate₃[input]!1",
                  "andGate₃[input]!0",
                  "andGate₃[input]",
                  "andGate₂[output]!0",
                  "andGate₂[output]",
                  "andGate₂[input]!1",
                  "andGate₂[input]!0",
                  "andGate₂[input]",
                  "andGate₁[output]!0",
                  "andGate₁[output]",
                  "andGate₁[input]!1",
                  "andGate₁[input]!0",
                  "andGate₁[input]",
                  "andGate₀[output]!0",
                  "andGate₀[output]",
                  "andGate₀[input]!1",
                  "andGate₀[input]!0",
                  "andGate₀[input]",
                  "x2",
                  "x1"
                ],
                "userVariables": [
                  0,
                  1
                ],
                "queryVariableMapping": {
                  "y0": 6,
                  "x1": 4,
                  "x0": 3
                }
              },
              "variableCompilationTrace": {
                "reconstructionSteps": [
                  {
                    "tag": "ReconstructTensorVariable",
                    "contents": [
                      {
                        "nestedTensorShape": [
                          2
                        ],
                        "nestedStartingVariable": 2
                      },
                      "AllDimensions"
                    ]
                  },
                  {
                    "tag": "ReconstructTensorVariable",
                    "contents": [
                      {
                        "nestedTensorShape": [
                          1
                        ],
                        "nestedStartingVariable": 5
                      },
                      "AllDimensions"
                    ]
                  },
                  {
                    "tag": "SolveEquality",
                    "contents": [
                      {
                        "nestedTensorShape": [
                          1
                        ],
                        "nestedStartingVariable": 10
                      },
                      {
                        "constantValue": {
                          "tag": "ConstantTensor",
                          "contents": [
                            [
                              1
                            ],
                            {
                              "numerator": 0,
                              "denominator": 1
                            }
                          ]
                        },
                        "coefficients": [
                          [
                            5,
                            {
                              "numerator": 1,
                              "denominator": 1
                            }
                          ]
                        ]
                      }
                    ]
                  },
                  {
                    "tag": "SolveEquality",
                    "contents": [
                      {
                        "nestedTensorShape": [
                          2
                        ],
                        "nestedStartingVariable": 7
                      },
                      {
                        "constantValue": {
                          "tag": "ConstantTensor",
                          "contents": [
                            [
                              2
                            ],
                            {
                              "numerator": 0,
                              "denominator": 1
                            }
                          ]
                        },
                        "coefficients": [
                          [
                            2,
                            {
                              "numerator": 1,
                              "denominator": 1
                            }
                          ]
                        ]
                      }
                    ]
                  },
                  {
                    "tag": "SolveEquality",
                    "contents": [
                      {
                        "nestedTensorShape": [
                          1
                        ],
                        "nestedStartingVariable": 15
                      },
                      {
                        "constantValue": {
                          "tag": "ConstantTensor",
                          "contents": [
                            [
                              1
                            ],
                            {
                              "numerator": 0,
                              "denominator": 1
                            }
                          ]
                        },
                        "coefficients": [
                          [
                            5,
                            {
                              "numerator": 1,
                              "denominator": 1
                            }
                          ]
                        ]
                      }
                    ]
                  },
                  {
                    "tag": "SolveEquality",
                    "contents": [
                      {
                        "nestedTensorShape": [
                          2
                        ],
                        "nestedStartingVariable": 12
                      },
                      {
                        "constantValue": {
                          "tag": "ConstantTensor",
                          "contents": [
                            [
                              2
                            ],
                            {
                              "numerator": 0,
                              "denominator": 1
                            }
                          ]
                        },
                        "coefficients": [
                          [
                            2,
                            {
                              "numerator": 1,
                              "denominator": 1
                            }
                          ]
                        ]
                      }
                    ]
                  },
                  {
                    "tag": "SolveEquality",
                    "contents": [
                      {
                        "nestedTensorShape": [
                          1
                        ],
                        "nestedStartingVariable": 20
                      },
                      {
                        "constantValue": {
                          "tag": "ConstantTensor",
                          "contents": [
                            [
                              1
                            ],
                            {
                              "numerator": 0,
                              "denominator": 1
                            }
                          ]
                        },
                        "coefficients": [
                          [
                            5,
                            {
                              "numerator": 1,
                              "denominator": 1
                            }
                          ]
                        ]
                      }
                    ]
                  },
                  {
                    "tag": "SolveEquality",
                    "contents": [
                      {
                        "nestedTensorShape": [
                          2
                        ],
                        "nestedStartingVariable": 17
                      },
                      {
                        "constantValue": {
                          "tag": "ConstantTensor",
                          "contents": [
                            [
                              2
                            ],
                            {
                              "numerator": 0,
                              "denominator": 1
                            }
                          ]
                        },
                        "coefficients": [
                          [
                            2,
                            {
                              "numerator": 1,
                              "denominator": 1
                            }
                          ]
                        ]
                      }
                    ]
                  },
                  {
                    "tag": "SolveEquality",
                    "contents": [
                      {
                        "nestedTensorShape": [],
                        "nestedStartingVariable": 0
                      },
                      {
                        "constantValue": {
                          "tag": "ConstantTensor",
                          "contents": [
                            [],
                            {
                              "numerator": 0,
                              "denominator": 1
                            }
                          ]
                        },
                        "coefficients": [
                          [
                            3,
                            {
                              "numerator": 1,
                              "denominator": 1
                            }
                          ]
                        ]
                      }
                    ]
                  },
                  {
                    "tag": "SolveEquality",
                    "contents": [
                      {
                        "nestedTensorShape": [],
                        "nestedStartingVariable": 1
                      },
                      {
                        "constantValue": {
                          "tag": "ConstantTensor",
                          "contents": [
                            [],
                            {
                              "numerator": 0,
                              "denominator": 1
                            }
                          ]
                        },
                        "coefficients": [
                          [
                            4,
                            {
                              "numerator": 1,
                              "denominator": 1
                            }
                          ]
                        ]
                      }
                    ]
                  }
                ]
              },
              "queryAddress": [
                {
                  "propertyName": "andGateCorrect",
                  "propertyIndices": [],
                  "propertyID": 0
                },
                1
              ],
              "metaNetwork": [
                {
                  "metaNetworkEntryName": "andGate",
                  "metaNetworkEntryInfo": {
                    "networkType": {
                      "outputTensor": {
                        "dimensions": [
                          1
                        ],
                        "baseType": []
                      },
                      "inputTensor": {
                        "dimensions": [
                          2
                        ],
                        "baseType": []
                      }
                    },
                    "networkFilepath": "fake.onnx"
                  }
                }
              ]
            },
            {
              "variableStore": {
                "vehicleVariableCtx": [
                  "andGate₃[output]!0",
                  "andGate₃[output]",
                  "andGate₃[input]!1",
                  "andGate₃[input]!0",
                  "andGate₃[input]",
                  "andGate₂[output]!0",
                  "andGate₂[output]",
                  "andGate₂[input]!1",
                  "andGate₂[input]!0",
                  "andGate₂[input]",
                  "andGate₁[output]!0",
                  "andGate₁[output]",
                  "andGate₁[input]!1",
                  "andGate₁[input]!0",
                  "andGate₁[input]",
                  "andGate₀[output]!0",
                  "andGate₀[output]",
                  "andGate₀[input]!1",
                  "andGate₀[input]!0",
                  "andGate₀[input]",
                  "x2",
                  "x1"
                ],
                "userVariables": [
                  0,
                  1
                ],
                "queryVariableMapping": {
                  "y0": 6,
                  "x1": 4,
                  "x0": 3
                }
              },
              "variableCompilationTrace": {
                "reconstructionSteps": [
                  {
                    "tag": "ReconstructTensorVariable",
                    "contents": [
                      {
                        "nestedTensorShape": [
                          2
                        ],
                        "nestedStartingVariable": 2
                      },
                      "AllDimensions"
                    ]
                  },
                  {
                    "tag": "ReconstructTensorVariable",
                    "contents": [
                      {
                        "nestedTensorShape": [
                          1
                        ],
                        "nestedStartingVariable": 5
                      },
                      "AllDimensions"
                    ]
                  },
                  {
                    "tag": "SolveEquality",
                    "contents": [
                      {
                        "nestedTensorShape": [
                          1
                        ],
                        "nestedStartingVariable": 10
                      },
                      {
                        "constantValue": {
                          "tag": "ConstantTensor",
                          "contents": [
                            [
                              1
                            ],
                            {
                              "numerator": 0,
                              "denominator": 1
                            }
                          ]
                        },
                        "coefficients": [
                          [
                            5,
                            {
                              "numerator": 1,
                              "denominator": 1
                            }
                          ]
                        ]
                      }
                    ]
                  },
                  {
                    "tag": "SolveEquality",
                    "contents": [
                      {
                        "nestedTensorShape": [
                          2
                        ],
                        "nestedStartingVariable": 7
                      },
                      {
                        "constantValue": {
                          "tag": "ConstantTensor",
                          "contents": [
                            [
                              2
                            ],
                            {
                              "numerator": 0,
                              "denominator": 1
                            }
                          ]
                        },
                        "coefficients": [
                          [
                            2,
                            {
                              "numerator": 1,
                              "denominator": 1
                            }
                          ]
                        ]
                      }
                    ]
                  },
                  {
                    "tag": "SolveEquality",
                    "contents": [
                      {
                        "nestedTensorShape": [
                          1
                        ],
                        "nestedStartingVariable": 15
                      },
                      {
                        "constantValue": {
                          "tag": "ConstantTensor",
                          "contents": [
                            [
                              1
                            ],
                            {
                              "numerator": 0,
                              "denominator": 1
                            }
                          ]
                        },
                        "coefficients": [
                          [
                            5,
                            {
                              "numerator": 1,
                              "denominator": 1
                            }
                          ]
                        ]
                      }
                    ]
                  },
                  {
                    "tag": "SolveEquality",
                    "contents": [
                      {
                        "nestedTensorShape": [
                          2
                        ],
                        "nestedStartingVariable": 12
                      },
                      {
                        "constantValue": {
                          "tag": "ConstantTensor",
                          "contents": [
                            [
                              2
                            ],
                            {
                              "numerator": 0,
                              "denominator": 1
                            }
                          ]
                        },
                        "coefficients": [
                          [
                            2,
                            {
                              "numerator": 1,
                              "denominator": 1
                            }
                          ]
                        ]
                      }
                    ]
                  },
                  {
                    "tag": "SolveEquality",
                    "contents": [
                      {
                        "nestedTensorShape": [
                          1
                        ],
                        "nestedStartingVariable": 20
                      },
                      {
                        "constantValue": {
                          "tag": "ConstantTensor",
                          "contents": [
                            [
                              1
                            ],
                            {
                              "numerator": 0,
                              "denominator": 1
                            }
                          ]
                        },
                        "coefficients": [
                          [
                            5,
                            {
                              "numerator": 1,
                              "denominator": 1
                            }
                          ]
                        ]
                      }
                    ]
                  },
                  {
                    "tag": "SolveEquality",
                    "contents": [
                      {
                        "nestedTensorShape": [
                          2
                        ],
                        "nestedStartingVariable": 17
                      },
                      {
                        "constantValue": {
                          "tag": "ConstantTensor",
                          "contents": [
                            [
                              2
                            ],
                            {
                              "numerator": 0,
                              "denominator": 1
                            }
                          ]
                        },
                        "coefficients": [
                          [
                            2,
                            {
                              "numerator": 1,
                              "denominator": 1
                            }
                          ]
                        ]
                      }
                    ]
                  },
                  {
                    "tag": "SolveEquality",
                    "contents": [
                      {
                        "nestedTensorShape": [],
                        "nestedStartingVariable": 0
                      },
                      {
                        "constantValue": {
                          "tag": "ConstantTensor",
                          "contents": [
                            [],
                            {
                              "numerator": 0,
                              "denominator": 1
                            }
                          ]
                        },
                        "coefficients": [
                          [
                            3,
                            {
                              "numerator": 1,
                              "denominator": 1
                            }
                          ]
                        ]
                      }
                    ]
                  },
                  {
                    "tag": "SolveEquality",
                    "contents": [
                      {
                        "nestedTensorShape": [],
                        "nestedStartingVariable": 1
                      },
                      {
                        "constantValue": {
                          "tag": "ConstantTensor",
                          "contents": [
                            [],
                            {
                              "numerator": 0,
                              "denominator": 1
                            }
                          ]
                        },
                        "coefficients": [
                          [
                            4,
                            {
                              "numerator": 1,
                              "denominator": 1
                            }
                          ]
                        ]
                      }
                    ]
                  }
                ]
              },
              "queryAddress": [
                {
                  "propertyName": "andGateCorrect",
                  "propertyIndices": [],
                  "propertyID": 0
                },
                2
              ],
              "metaNetwork": [
                {
                  "metaNetworkEntryName": "andGate",
                  "metaNetworkEntryInfo": {
                    "networkType": {
                      "outputTensor": {
                        "dimensions": [
                          1
                        ],
                        "baseType": []
                      },
                      "inputTensor": {
                        "dimensions": [
                          2
                        ],
                        "baseType": []
                      }
                    },
                    "networkFilepath": "fake.onnx"
                  }
                }
              ]
            },
            {
              "variableStore": {
                "vehicleVariableCtx": [
                  "andGate₃[output]!0",
                  "andGate₃[output]",
                  "andGate₃[input]!1",
                  "andGate₃[input]!0",
                  "andGate₃[input]",
                  "andGate₂[output]!0",
                  "andGate₂[output]",
                  "andGate₂[input]!1",
                  "andGate₂[input]!0",
                  "andGate₂[input]",
                  "andGate₁[output]!0",
                  "andGate₁[output]",
                  "andGate₁[input]!1",
                  "andGate₁[input]!0",
                  "andGate₁[input]",
                  "andGate₀[output]!0",
                  "andGate₀[output]",
                  "andGate₀[input]!1",
                  "andGate₀[input]!0",
                  "andGate₀[input]",
                  "x2",
                  "x1"
                ],
                "userVariables": [
                  0,
                  1
                ],
                "queryVariableMapping": {
                  "y0": 6,
                  "x1": 4,
                  "x0": 3
                }
              },
              "variableCompilationTrace": {
                "reconstructionSteps": [
                  {
                    "tag": "ReconstructTensorVariable",
                    "contents": [
                      {
                        "nestedTensorShape": [
                          2
                        ],
                        "nestedStartingVariable": 2
                      },
                      "AllDimensions"
                    ]
                  },
                  {
                    "tag": "ReconstructTensorVariable",
                    "contents": [
                      {
                        "nestedTensorShape": [
                          1
                        ],
                        "nestedStartingVariable": 5
                      },
                      "AllDimensions"
                    ]
                  },
                  {
                    "tag": "SolveEquality",
                    "contents": [
                      {
                        "nestedTensorShape": [
                          1
                        ],
                        "nestedStartingVariable": 10
                      },
                      {
                        "constantValue": {
                          "tag": "ConstantTensor",
                          "contents": [
                            [
                              1
                            ],
                            {
                              "numerator": 0,
                              "denominator": 1
                            }
                          ]
                        },
                        "coefficients": [
                          [
                            5,
                            {
                              "numerator": 1,
                              "denominator": 1
                            }
                          ]
                        ]
                      }
                    ]
                  },
                  {
                    "tag": "SolveEquality",
                    "contents": [
                      {
                        "nestedTensorShape": [
                          2
                        ],
                        "nestedStartingVariable": 7
                      },
                      {
                        "constantValue": {
                          "tag": "ConstantTensor",
                          "contents": [
                            [
                              2
                            ],
                            {
                              "numerator": 0,
                              "denominator": 1
                            }
                          ]
                        },
                        "coefficients": [
                          [
                            2,
                            {
                              "numerator": 1,
                              "denominator": 1
                            }
                          ]
                        ]
                      }
                    ]
                  },
                  {
                    "tag": "SolveEquality",
                    "contents": [
                      {
                        "nestedTensorShape": [
                          1
                        ],
                        "nestedStartingVariable": 15
                      },
                      {
                        "constantValue": {
                          "tag": "ConstantTensor",
                          "contents": [
                            [
                              1
                            ],
                            {
                              "numerator": 0,
                              "denominator": 1
                            }
                          ]
                        },
                        "coefficients": [
                          [
                            5,
                            {
                              "numerator": 1,
                              "denominator": 1
                            }
                          ]
                        ]
                      }
                    ]
                  },
                  {
                    "tag": "SolveEquality",
                    "contents": [
                      {
                        "nestedTensorShape": [
                          2
                        ],
                        "nestedStartingVariable": 12
                      },
                      {
                        "constantValue": {
                          "tag": "ConstantTensor",
                          "contents": [
                            [
                              2
                            ],
                            {
                              "numerator": 0,
                              "denominator": 1
                            }
                          ]
                        },
                        "coefficients": [
                          [
                            2,
                            {
                              "numerator": 1,
                              "denominator": 1
                            }
                          ]
                        ]
                      }
                    ]
                  },
                  {
                    "tag": "SolveEquality",
                    "contents": [
                      {
                        "nestedTensorShape": [
                          1
                        ],
                        "nestedStartingVariable": 20
                      },
                      {
                        "constantValue": {
                          "tag": "ConstantTensor",
                          "contents": [
                            [
                              1
                            ],
                            {
                              "numerator": 0,
                              "denominator": 1
                            }
                          ]
                        },
                        "coefficients": [
                          [
                            5,
                            {
                              "numerator": 1,
                              "denominator": 1
                            }
                          ]
                        ]
                      }
                    ]
                  },
                  {
                    "tag": "SolveEquality",
                    "contents": [
                      {
                        "nestedTensorShape": [
                          2
                        ],
                        "nestedStartingVariable": 17
                      },
                      {
                        "constantValue": {
                          "tag": "ConstantTensor",
                          "contents": [
                            [
                              2
                            ],
                            {
                              "numerator": 0,
                              "denominator": 1
                            }
                          ]
                        },
                        "coefficients": [
                          [
                            2,
                            {
                              "numerator": 1,
                              "denominator": 1
                            }
                          ]
                        ]
                      }
                    ]
                  },
                  {
                    "tag": "SolveEquality",
                    "contents": [
                      {
                        "nestedTensorShape": [],
                        "nestedStartingVariable": 0
                      },
                      {
                        "constantValue": {
                          "tag": "ConstantTensor",
                          "contents": [
                            [],
                            {
                              "numerator": 0,
                              "denominator": 1
                            }
                          ]
                        },
                        "coefficients": [
                          [
                            3,
                            {
                              "numerator": 1,
                              "denominator": 1
                            }
                          ]
                        ]
                      }
                    ]
                  },
                  {
                    "tag": "SolveEquality",
                    "contents": [
                      {
                        "nestedTensorShape": [],
                        "nestedStartingVariable": 1
                      },
                      {
                        "constantValue": {
                          "tag": "ConstantTensor",
                          "contents": [
                            [],
                            {
                              "numerator": 0,
                              "denominator": 1
                            }
                          ]
                        },
                        "coefficients": [
                          [
                            4,
                            {
                              "numerator": 1,
                              "denominator": 1
                            }
                          ]
                        ]
                      }
                    ]
                  }
                ]
              },
              "queryAddress": [
                {
                  "propertyName": "andGateCorrect",
                  "propertyIndices": [],
                  "propertyID": 0
                },
                3
              ],
              "metaNetwork": [
                {
                  "metaNetworkEntryName": "andGate",
                  "metaNetworkEntryInfo": {
                    "networkType": {
                      "outputTensor": {
                        "dimensions": [
                          1
                        ],
                        "baseType": []
                      },
                      "inputTensor": {
                        "dimensions": [
                          2
                        ],
                        "baseType": []
                      }
                    },
                    "networkFilepath": "fake.onnx"
                  }
                }
              ]
            },
            {
              "variableStore": {
                "vehicleVariableCtx": [
                  "andGate₃[output]!0",
                  "andGate₃[output]",
                  "andGate₃[input]!1",
                  "andGate₃[input]!0",
                  "andGate₃[input]",
                  "andGate₂[output]!0",
                  "andGate₂[output]",
                  "andGate₂[input]!1",
                  "andGate₂[input]!0",
                  "andGate₂[input]",
                  "andGate₁[output]!0",
                  "andGate₁[output]",
                  "andGate₁[input]!1",
                  "andGate₁[input]!0",
                  "andGate₁[input]",
                  "andGate₀[output]!0",
                  "andGate₀[output]",
                  "andGate₀[input]!1",
                  "andGate₀[input]!0",
                  "andGate₀[input]",
                  "x2",
                  "x1"
                ],
                "userVariables": [
                  0,
                  1
                ],
                "queryVariableMapping": {
                  "y0": 6,
                  "x1": 4,
                  "x0": 3
                }
              },
              "variableCompilationTrace": {
                "reconstructionSteps": [
                  {
                    "tag": "ReconstructTensorVariable",
                    "contents": [
                      {
                        "nestedTensorShape": [
                          2
                        ],
                        "nestedStartingVariable": 2
                      },
                      "AllDimensions"
                    ]
                  },
                  {
                    "tag": "ReconstructTensorVariable",
                    "contents": [
                      {
                        "nestedTensorShape": [
                          1
                        ],
                        "nestedStartingVariable": 5
                      },
                      "AllDimensions"
                    ]
                  },
                  {
                    "tag": "SolveEquality",
                    "contents": [
                      {
                        "nestedTensorShape": [
                          1
                        ],
                        "nestedStartingVariable": 10
                      },
                      {
                        "constantValue": {
                          "tag": "ConstantTensor",
                          "contents": [
                            [
                              1
                            ],
                            {
                              "numerator": 0,
                              "denominator": 1
                            }
                          ]
                        },
                        "coefficients": [
                          [
                            5,
                            {
                              "numerator": 1,
                              "denominator": 1
                            }
                          ]
                        ]
                      }
                    ]
                  },
                  {
                    "tag": "SolveEquality",
                    "contents": [
                      {
                        "nestedTensorShape": [
                          2
                        ],
                        "nestedStartingVariable": 7
                      },
                      {
                        "constantValue": {
                          "tag": "ConstantTensor",
                          "contents": [
                            [
                              2
                            ],
                            {
                              "numerator": 0,
                              "denominator": 1
                            }
                          ]
                        },
                        "coefficients": [
                          [
                            2,
                            {
                              "numerator": 1,
                              "denominator": 1
                            }
                          ]
                        ]
                      }
                    ]
                  },
                  {
                    "tag": "SolveEquality",
                    "contents": [
                      {
                        "nestedTensorShape": [
                          1
                        ],
                        "nestedStartingVariable": 15
                      },
                      {
                        "constantValue": {
                          "tag": "ConstantTensor",
                          "contents": [
                            [
                              1
                            ],
                            {
                              "numerator": 0,
                              "denominator": 1
                            }
                          ]
                        },
                        "coefficients": [
                          [
                            5,
                            {
                              "numerator": 1,
                              "denominator": 1
                            }
                          ]
                        ]
                      }
                    ]
                  },
                  {
                    "tag": "SolveEquality",
                    "contents": [
                      {
                        "nestedTensorShape": [
                          2
                        ],
                        "nestedStartingVariable": 12
                      },
                      {
                        "constantValue": {
                          "tag": "ConstantTensor",
                          "contents": [
                            [
                              2
                            ],
                            {
                              "numerator": 0,
                              "denominator": 1
                            }
                          ]
                        },
                        "coefficients": [
                          [
                            2,
                            {
                              "numerator": 1,
                              "denominator": 1
                            }
                          ]
                        ]
                      }
                    ]
                  },
                  {
                    "tag": "SolveEquality",
                    "contents": [
                      {
                        "nestedTensorShape": [
                          1
                        ],
                        "nestedStartingVariable": 20
                      },
                      {
                        "constantValue": {
                          "tag": "ConstantTensor",
                          "contents": [
                            [
                              1
                            ],
                            {
                              "numerator": 0,
                              "denominator": 1
                            }
                          ]
                        },
                        "coefficients": [
                          [
                            5,
                            {
                              "numerator": 1,
                              "denominator": 1
                            }
                          ]
                        ]
                      }
                    ]
                  },
                  {
                    "tag": "SolveEquality",
                    "contents": [
                      {
                        "nestedTensorShape": [
                          2
                        ],
                        "nestedStartingVariable": 17
                      },
                      {
                        "constantValue": {
                          "tag": "ConstantTensor",
                          "contents": [
                            [
                              2
                            ],
                            {
                              "numerator": 0,
                              "denominator": 1
                            }
                          ]
                        },
                        "coefficients": [
                          [
                            2,
                            {
                              "numerator": 1,
                              "denominator": 1
                            }
                          ]
                        ]
                      }
                    ]
                  },
                  {
                    "tag": "SolveEquality",
                    "contents": [
                      {
                        "nestedTensorShape": [],
                        "nestedStartingVariable": 0
                      },
                      {
                        "constantValue": {
                          "tag": "ConstantTensor",
                          "contents": [
                            [],
                            {
                              "numerator": 0,
                              "denominator": 1
                            }
                          ]
                        },
                        "coefficients": [
                          [
                            3,
                            {
                              "numerator": 1,
                              "denominator": 1
                            }
                          ]
                        ]
                      }
                    ]
                  },
                  {
                    "tag": "SolveEquality",
                    "contents": [
                      {
                        "nestedTensorShape": [],
                        "nestedStartingVariable": 1
                      },
                      {
                        "constantValue": {
                          "tag": "ConstantTensor",
                          "contents": [
                            [],
                            {
                              "numerator": 0,
                              "denominator": 1
                            }
                          ]
                        },
                        "coefficients": [
                          [
                            4,
                            {
                              "numerator": 1,
                              "denominator": 1
                            }
                          ]
                        ]
                      }
                    ]
                  }
                ]
              },
              "queryAddress": [
                {
                  "propertyName": "andGateCorrect",
                  "propertyIndices": [],
                  "propertyID": 0
                },
                4
              ],
              "metaNetwork": [
                {
                  "metaNetworkEntryName": "andGate",
                  "metaNetworkEntryInfo": {
                    "networkType": {
                      "outputTensor": {
                        "dimensions": [
                          1
                        ],
                        "baseType": []
                      },
                      "inputTensor": {
                        "dimensions": [
                          2
                        ],
                        "baseType": []
                      }
                    },
                    "networkFilepath": "fake.onnx"
                  }
                }
              ]
            }
          ]
        },
        "negated": true
      }
    }
  }
}