{
  "resourcesIntegrityInfo": {
    "specificationSummary": {
      "name": "specification",
      "filePath": "spec.vcl",
      "fileHash": -2124860728035477969
    },
    "parameterSummaries": {
      "epsilon": "0.1"
    },
    "networkSummaries": [
      {
        "name": "classifier",
        "filePath": "fake.onnx",
        "fileHash": -3403084463960967397
      }
    ],
    "datasetSummaries": [
      {
        "name": "trainingImages",
        "filePath": "images.idx",
        "fileHash": -8724434124567108701
      },
      {
        "name": "trainingLabels",
        "filePath": "labels.idx",
        "fileHash": -3288392886139053485
      }
    ]
  },
  "properties": [
    [
      "robust",
      {
        "tag": "MultiProperty",
        "contents": [
          {
            "tag": "SingleProperty",
            "contents": [
              {
                "propertyName": "robust",
                "propertyIndices": [
                  0
                ]
              },
              []
            ]
          },
          {
            "tag": "SingleProperty",
            "contents": [
              {
                "propertyName": "robust",
                "propertyIndices": [
                  1
                ]
              },
              []
            ]
          }
        ]
      }
    ]
  ]
}