Token.Name	'f'
Token.Space	' '
Token.Punctuation	':'
Token.Space	' '
Token.Punctuation	'('
Token.Keyword.Type	'Rat'
Token.Space	' '
Token.Operator	'->'
Token.Space	' '
Token.Keyword.Type	'Rat'
Token.Punctuation	')'
Token.Space	' '
Token.Operator	'->'
Token.Space	' '
Token.Keyword.Type	'Rat'
Token.Space	' '
Token.Operator	'->'
Token.Space	' '
Token.Keyword.Type	'Rat'
Token.Space	'\n'
Token.Name	'f'
Token.Space	' '
Token.Name	'h'
Token.Space	' '
Token.Name	'x'
Token.Space	' '
Token.Punctuation	'='
Token.Space	' '
Token.Name	'h'
Token.Space	' '
Token.Name	'x'
Token.Space	'\n\n'
Token.Name	'g'
Token.Space	' '
Token.Punctuation	':'
Token.Space	' '
Token.Keyword.Type	'Rat'
Token.Space	' '
Token.Operator	'->'
Token.Space	' '
Token.Keyword.Type	'Rat'
Token.Space	'\n'
Token.Name	'g'
Token.Space	' '
Token.Name	'x'
Token.Space	' '
Token.Punctuation	'='
Token.Space	' '
Token.Name	'x'
Token.Space	' '
Token.Operator	'+'
Token.Space	' '
Token.Literal.Number.Integer	'1'
Token.Space	'\n\n'
Token.Name	'x'
Token.Space	' '
Token.Punctuation	':'
Token.Space	' '
Token.Keyword.Type	'Rat'
Token.Space	'\n'
Token.Name	'x'
Token.Space	' '
Token.Punctuation	'='
Token.Space	' '
Token.Name	'f'
Token.Space	' '
Token.Name	'g'
Token.Space	' '
Token.Literal.Number.Integer	'0'
Token.Space	'\n'
