{
  "resourceIntegrityInfo": {
    "datasetSummaries": [],
    "networkSummaries": [
      {
        "fileHash": -6969277137687631667,
        "filePath": "fake.onnx",
        "name": "f"
      }
    ],
    "parameterSummaries": {},
    "specificationSummary": {
      "fileHash": 7476454719134013914,
      "filePath": "spec.vcl",
      "name": "specification"
    }
  },
  "specificationPlan": [
    [
      "monotonic",
      {
        "contents": [
          [
            "monotonic",
            []
          ],
          {
            "contents": {
              "negated": true,
              "queries": {
                "contents": {
                  "unDisjunctAll": [
                    [
                      [
                        [
                          "monotonic",
                          []
                        ],
                        1
                      ],
                      {
                        "metaNetwork": [
                          [
                            "f",
                            "fake.onnx"
                          ],
                          [
                            "f",
                            "fake.onnx"
                          ]
                        ],
                        "variableInfo": {
                          "normalisedVariableInfo": [
                            [
                              1,
                              {
                                "contents": {
                                  "solutionEquality": {
                                    "coefficients": {
                                      "1": -1,
                                      "4": 1
                                    },
                                    "constantValue": 0,
                                    "numberOfVars": 7
                                  }
                                },
                                "tag": "GaussianSolution"
                              }
                            ],
                            [
                              0,
                              {
                                "contents": {
                                  "solutionEquality": {
                                    "coefficients": {
                                      "0": -1,
                                      "2": 1
                                    },
                                    "constantValue": 0,
                                    "numberOfVars": 7
                                  }
                                },
                                "tag": "GaussianSolution"
                              }
                            ]
                          ],
                          "unnormalisedVariableInfo": [
                            [
                              "x1",
                              []
                            ],
                            [
                              "x2",
                              []
                            ]
                          ]
                        }
                      }
                    ]
                  ]
                },
                "tag": "NonTrivial"
              }
            },
            "tag": "Query"
          }
        ],
        "tag": "SingleProperty"
      }
    ]
  ]
}