{
  "queryMetaData": {
    "tag": "NonTrivial",
    "contents": {
      "tag": "Query",
      "contents": {
        "queries": {
          "unDisjunctAll": [
            {
              "variableReconstruction": [
                {
                  "tag": "ReconstructTensor",
                  "contents": [
                    {
                      "tensorVarName": "f₀[input]",
                      "tensorVarDimensions": [
                        1
                      ]
                    },
                    [
                      {
                        "tag": "NetworkRationalVar",
                        "contents": {
                          "tensorIndices": [
                            0
                          ],
                          "originalVar": {
                            "tensorVarName": "f₀[input]",
                            "tensorVarDimensions": [
                              1
                            ]
                          }
                        }
                      }
                    ]
                  ]
                },
                {
                  "tag": "ReconstructTensor",
                  "contents": [
                    {
                      "tensorVarName": "f₀[output]",
                      "tensorVarDimensions": [
                        1
                      ]
                    },
                    [
                      {
                        "tag": "NetworkRationalVar",
                        "contents": {
                          "tensorIndices": [
                            0
                          ],
                          "originalVar": {
                            "tensorVarName": "f₀[output]",
                            "tensorVarDimensions": [
                              1
                            ]
                          }
                        }
                      }
                    ]
                  ]
                },
                {
                  "tag": "ReconstructTensor",
                  "contents": [
                    {
                      "tensorVarName": "f₁[input]",
                      "tensorVarDimensions": [
                        1
                      ]
                    },
                    [
                      {
                        "tag": "NetworkRationalVar",
                        "contents": {
                          "tensorIndices": [
                            0
                          ],
                          "originalVar": {
                            "tensorVarName": "f₁[input]",
                            "tensorVarDimensions": [
                              1
                            ]
                          }
                        }
                      }
                    ]
                  ]
                },
                {
                  "tag": "ReconstructTensor",
                  "contents": [
                    {
                      "tensorVarName": "f₁[output]",
                      "tensorVarDimensions": [
                        1
                      ]
                    },
                    [
                      {
                        "tag": "NetworkRationalVar",
                        "contents": {
                          "tensorIndices": [
                            0
                          ],
                          "originalVar": {
                            "tensorVarName": "f₁[output]",
                            "tensorVarDimensions": [
                              1
                            ]
                          }
                        }
                      }
                    ]
                  ]
                },
                {
                  "tag": "SolveRationalEquality",
                  "contents": [
                    {
                      "tensorIndices": [],
                      "originalVar": {
                        "tensorVarName": "x1",
                        "tensorVarDimensions": []
                      }
                    },
                    {
                      "constantValue": {
                        "numerator": 0,
                        "denominator": 1
                      },
                      "coefficients": [
                        [
                          {
                            "tag": "NetworkRationalVar",
                            "contents": {
                              "tensorIndices": [
                                0
                              ],
                              "originalVar": {
                                "tensorVarName": "f₀[input]",
                                "tensorVarDimensions": [
                                  1
                                ]
                              }
                            }
                          },
                          {
                            "numerator": 1,
                            "denominator": 1
                          }
                        ]
                      ]
                    }
                  ]
                },
                {
                  "tag": "ReconstructTensor",
                  "contents": [
                    {
                      "tensorVarName": "x1",
                      "tensorVarDimensions": []
                    },
                    [
                      {
                        "tag": "UserRationalVar",
                        "contents": {
                          "tensorIndices": [],
                          "originalVar": {
                            "tensorVarName": "x1",
                            "tensorVarDimensions": []
                          }
                        }
                      }
                    ]
                  ]
                },
                {
                  "tag": "SolveRationalEquality",
                  "contents": [
                    {
                      "tensorIndices": [],
                      "originalVar": {
                        "tensorVarName": "x2",
                        "tensorVarDimensions": []
                      }
                    },
                    {
                      "constantValue": {
                        "numerator": 0,
                        "denominator": 1
                      },
                      "coefficients": [
                        [
                          {
                            "tag": "NetworkRationalVar",
                            "contents": {
                              "tensorIndices": [
                                0
                              ],
                              "originalVar": {
                                "tensorVarName": "f₁[input]",
                                "tensorVarDimensions": [
                                  1
                                ]
                              }
                            }
                          },
                          {
                            "numerator": 1,
                            "denominator": 1
                          }
                        ]
                      ]
                    }
                  ]
                },
                {
                  "tag": "ReconstructTensor",
                  "contents": [
                    {
                      "tensorVarName": "x2",
                      "tensorVarDimensions": []
                    },
                    [
                      {
                        "tag": "UserRationalVar",
                        "contents": {
                          "tensorIndices": [],
                          "originalVar": {
                            "tensorVarName": "x2",
                            "tensorVarDimensions": []
                          }
                        }
                      }
                    ]
                  ]
                }
              ],
              "queryVariableMapping": [
                [
                  "x0",
                  {
                    "tensorIndices": [
                      0
                    ],
                    "originalVar": {
                      "tensorVarName": "f₀[input]",
                      "tensorVarDimensions": [
                        1
                      ]
                    }
                  }
                ],
                [
                  "x1",
                  {
                    "tensorIndices": [
                      0
                    ],
                    "originalVar": {
                      "tensorVarName": "f₁[input]",
                      "tensorVarDimensions": [
                        1
                      ]
                    }
                  }
                ],
                [
                  "y0",
                  {
                    "tensorIndices": [
                      0
                    ],
                    "originalVar": {
                      "tensorVarName": "f₀[output]",
                      "tensorVarDimensions": [
                        1
                      ]
                    }
                  }
                ],
                [
                  "y1",
                  {
                    "tensorIndices": [
                      0
                    ],
                    "originalVar": {
                      "tensorVarName": "f₁[output]",
                      "tensorVarDimensions": [
                        1
                      ]
                    }
                  }
                ]
              ],
              "queryAddress": [
                {
                  "propertyName": "monotonic",
                  "propertyIndices": [],
                  "propertyID": 0
                },
                1
              ],
              "metaNetwork": [
                {
                  "metaNetworkEntryName": "f",
                  "metaNetworkEntryInfo": {
                    "networkType": {
                      "outputTensor": {
                        "dimensions": [
                          1
                        ],
                        "baseType": []
                      },
                      "inputTensor": {
                        "dimensions": [
                          1
                        ],
                        "baseType": []
                      }
                    },
                    "networkFilepath": "fake.onnx"
                  }
                },
                {
                  "metaNetworkEntryName": "f",
                  "metaNetworkEntryInfo": {
                    "networkType": {
                      "outputTensor": {
                        "dimensions": [
                          1
                        ],
                        "baseType": []
                      },
                      "inputTensor": {
                        "dimensions": [
                          1
                        ],
                        "baseType": []
                      }
                    },
                    "networkFilepath": "fake.onnx"
                  }
                }
              ]
            }
          ]
        },
        "negated": true
      }
    }
  }
}