{
  "queryMetaData": {
    "tag": "NonTrivial",
    "contents": {
      "tag": "Query",
      "contents": {
        "queries": {
          "unDisjunctAll": [
            {
              "variableReconstruction": [
                {
                  "tag": "ReconstructTensor",
                  "contents": [
                    {
                      "tensorVarName": "f₀[input]",
                      "tensorVarDimensions": [
                        1
                      ]
                    },
                    [
                      {
                        "tensorIndices": [
                          0
                        ],
                        "originalVar": {
                          "tensorVarName": "f₀[input]",
                          "tensorVarDimensions": [
                            1
                          ]
                        }
                      }
                    ]
                  ]
                },
                {
                  "tag": "ReconstructTensor",
                  "contents": [
                    {
                      "tensorVarName": "f₀[output]",
                      "tensorVarDimensions": [
                        1
                      ]
                    },
                    [
                      {
                        "tensorIndices": [
                          0
                        ],
                        "originalVar": {
                          "tensorVarName": "f₀[output]",
                          "tensorVarDimensions": [
                            1
                          ]
                        }
                      }
                    ]
                  ]
                },
                {
                  "tag": "SolveRationalInequalities",
                  "contents": [
                    {
                      "tensorIndices": [],
                      "originalVar": {
                        "tensorVarName": "x",
                        "tensorVarDimensions": []
                      }
                    },
                    {
                      "upperBounds": [
                        {
                          "strictness": "NonStrict",
                          "inequalityExpr": {
                            "constantValue": {
                              "numerator": -2,
                              "denominator": 1
                            },
                            "coefficients": [
                              [
                                {
                                  "tensorIndices": [
                                    0
                                  ],
                                  "originalVar": {
                                    "tensorVarName": "f₀[input]",
                                    "tensorVarDimensions": [
                                      1
                                    ]
                                  }
                                },
                                {
                                  "numerator": 1,
                                  "denominator": 1
                                }
                              ]
                            ]
                          }
                        }
                      ],
                      "lowerBounds": [
                        {
                          "strictness": "NonStrict",
                          "inequalityExpr": {
                            "constantValue": {
                              "numerator": 1,
                              "denominator": 1
                            },
                            "coefficients": []
                          }
                        }
                      ]
                    }
                  ]
                },
                {
                  "tag": "ReconstructTensor",
                  "contents": [
                    {
                      "tensorVarName": "x",
                      "tensorVarDimensions": []
                    },
                    [
                      {
                        "tensorIndices": [],
                        "originalVar": {
                          "tensorVarName": "x",
                          "tensorVarDimensions": []
                        }
                      }
                    ]
                  ]
                },
                {
                  "tag": "SolveRationalEquality",
                  "contents": [
                    {
                      "tensorIndices": [],
                      "originalVar": {
                        "tensorVarName": "y",
                        "tensorVarDimensions": []
                      }
                    },
                    {
                      "constantValue": {
                        "numerator": 0,
                        "denominator": 1
                      },
                      "coefficients": [
                        [
                          {
                            "tensorIndices": [
                              0
                            ],
                            "originalVar": {
                              "tensorVarName": "f₀[input]",
                              "tensorVarDimensions": [
                                1
                              ]
                            }
                          },
                          {
                            "numerator": 1,
                            "denominator": 1
                          }
                        ],
                        [
                          {
                            "tensorIndices": [],
                            "originalVar": {
                              "tensorVarName": "x",
                              "tensorVarDimensions": []
                            }
                          },
                          {
                            "numerator": -1,
                            "denominator": 1
                          }
                        ]
                      ]
                    }
                  ]
                },
                {
                  "tag": "ReconstructTensor",
                  "contents": [
                    {
                      "tensorVarName": "y",
                      "tensorVarDimensions": []
                    },
                    [
                      {
                        "tensorIndices": [],
                        "originalVar": {
                          "tensorVarName": "y",
                          "tensorVarDimensions": []
                        }
                      }
                    ]
                  ]
                }
              ],
              "queryVariableMapping": [
                [
                  "x0",
                  {
                    "tensorIndices": [
                      0
                    ],
                    "originalVar": {
                      "tensorVarName": "f₀[input]",
                      "tensorVarDimensions": [
                        1
                      ]
                    }
                  }
                ],
                [
                  "y0",
                  {
                    "tensorIndices": [
                      0
                    ],
                    "originalVar": {
                      "tensorVarName": "f₀[output]",
                      "tensorVarDimensions": [
                        1
                      ]
                    }
                  }
                ]
              ],
              "queryAddress": [
                {
                  "propertyName": "underConstrainedVar1",
                  "propertyIndices": [],
                  "propertyID": 1
                },
                1
              ],
              "metaNetwork": [
                {
                  "metaNetworkEntryName": "f",
                  "metaNetworkEntryInfo": {
                    "networkType": {
                      "outputTensor": {
                        "dimensions": [
                          1
                        ],
                        "baseType": []
                      },
                      "inputTensor": {
                        "dimensions": [
                          1
                        ],
                        "baseType": []
                      }
                    },
                    "networkFilepath": "fake.onnx"
                  }
                }
              ]
            }
          ]
        },
        "negated": false
      }
    }
  }
}