{
  "queryMetaData": {
    "tag": "NonTrivial",
    "contents": {
      "tag": "Query",
      "contents": {
        "queries": {
          "unDisjunctAll": [
            {
              "variableStore": {
                "vehicleVariableCtx": [
                  "f₀[output]!0",
                  "f₀[output]",
                  "f₀[input]!0",
                  "f₀[input]"
                ],
                "userVariables": [],
                "queryVariableMapping": {
                  "y0": 3,
                  "x0": 1
                }
              },
              "variableCompilationTrace": {
                "reconstructionSteps": [
                  {
                    "tag": "ReconstructTensorVariable",
                    "contents": [
                      {
                        "nestedTensorShape": {
                          "tag": "UniModal",
                          "contents": [
                            1
                          ]
                        },
                        "nestedStartingVariable": 0
                      },
                      "AllDimensions"
                    ]
                  },
                  {
                    "tag": "ReconstructTensorVariable",
                    "contents": [
                      {
                        "nestedTensorShape": {
                          "tag": "UniModal",
                          "contents": [
                            1
                          ]
                        },
                        "nestedStartingVariable": 2
                      },
                      "AllDimensions"
                    ]
                  }
                ]
              },
              "queryAddress": {
                "tag": "QueryAddress",
                "queryID": 1,
                "property": {
                  "tag": "PropertyAddress",
                  "propertyName": "p",
                  "propertyIndices": []
                }
              },
              "metaNetwork": [
                [
                  "f",
                  {
                    "networkType": {
                      "networkOutputType": {
                        "tag": "UniModal",
                        "contents": {
                          "tag": "TensorIOType",
                          "contents": {
                            "dimensions": [
                              1
                            ],
                            "baseType": []
                          }
                        }
                      },
                      "networkInputType": {
                        "tag": "UniModal",
                        "contents": {
                          "tag": "TensorIOType",
                          "contents": {
                            "dimensions": [
                              1
                            ],
                            "baseType": []
                          }
                        }
                      }
                    },
                    "networkFilepath": "fake.onnx"
                  },
                  1
                ]
              ]
            }
          ]
        },
        "negated": false
      }
    }
  }
}